Jun  3 00:01:08 ip-172-31-28-123 dhclient: DHCPREQUEST of 172.31.28.123 on eth0 to 172.31.16.1 port 67 (xid=0x7a376172)
Jun  3 00:01:08 ip-172-31-28-123 dhclient: DHCPACK of 172.31.28.123 from 172.31.16.1
Jun  3 00:01:08 ip-172-31-28-123 dhclient: bound to 172.31.28.123 -- renewal in 1360 seconds.
Jun  3 00:17:01 ip-172-31-28-123 CRON[2443]: (root) CMD (   cd / && run-parts --report /etc/cron.hourly)
Jun  3 00:23:48 ip-172-31-28-123 dhclient: DHCPREQUEST of 172.31.28.123 on eth0 to 172.31.16.1 port 67 (xid=0x7a376172)
Jun  3 00:23:48 ip-172-31-28-123 dhclient: DHCPACK of 172.31.28.123 from 172.31.16.1
Jun  3 00:23:48 ip-172-31-28-123 dhclient: bound to 172.31.28.123 -- renewal in 1754 seconds.
Jun  3 00:53:03 ip-172-31-28-123 dhclient: DHCPREQUEST of 172.31.28.123 on eth0 to 172.31.16.1 port 67 (xid=0x7a376172)
Jun  3 00:53:03 ip-172-31-28-123 dhclient: DHCPACK of 172.31.28.123 from 172.31.16.1
Jun  3 00:53:03 ip-172-31-28-123 dhclient: bound to 172.31.28.123 -- renewal in 1471 seconds.
Jun  3 01:17:01 ip-172-31-28-123 CRON[2472]: (root) CMD (   cd / && run-parts --report /etc/cron.hourly)
Jun  3 01:17:34 ip-172-31-28-123 dhclient: DHCPREQUEST of 172.31.28.123 on eth0 to 172.31.16.1 port 67 (xid=0x7a376172)
Jun  3 01:17:34 ip-172-31-28-123 dhclient: DHCPACK of 172.31.28.123 from 172.31.16.1
Jun  3 01:17:34 ip-172-31-28-123 dhclient: bound to 172.31.28.123 -- renewal in 1689 seconds.
Jun  3 01:45:43 ip-172-31-28-123 dhclient: DHCPREQUEST of 172.31.28.123 on eth0 to 172.31.16.1 port 67 (xid=0x7a376172)
Jun  3 01:45:43 ip-172-31-28-123 dhclient: DHCPACK of 172.31.28.123 from 172.31.16.1
Jun  3 01:45:44 ip-172-31-28-123 dhclient: bound to 172.31.28.123 -- renewal in 1537 seconds.
Jun  3 02:11:21 ip-172-31-28-123 dhclient: DHCPREQUEST of 172.31.28.123 on eth0 to 172.31.16.1 port 67 (xid=0x7a376172)
Jun  3 02:11:21 ip-172-31-28-123 dhclient: DHCPACK of 172.31.28.123 from 172.31.16.1
Jun  3 02:11:21 ip-172-31-28-123 dhclient: bound to 172.31.28.123 -- renewal in 1538 seconds.
Jun  3 02:17:01 ip-172-31-28-123 CRON[2512]: (root) CMD (   cd / && run-parts --report /etc/cron.hourly)
Jun  3 02:36:59 ip-172-31-28-123 dhclient: DHCPREQUEST of 172.31.28.123 on eth0 to 172.31.16.1 port 67 (xid=0x7a376172)
Jun  3 02:36:59 ip-172-31-28-123 dhclient: DHCPACK of 172.31.28.123 from 172.31.16.1
Jun  3 02:36:59 ip-172-31-28-123 dhclient: bound to 172.31.28.123 -- renewal in 1440 seconds.
Jun  3 03:01:00 ip-172-31-28-123 dhclient: DHCPREQUEST of 172.31.28.123 on eth0 to 172.31.16.1 port 67 (xid=0x7a376172)
Jun  3 03:01:00 ip-172-31-28-123 dhclient: DHCPACK of 172.31.28.123 from 172.31.16.1
Jun  3 03:01:00 ip-172-31-28-123 dhclient: bound to 172.31.28.123 -- renewal in 1518 seconds.
Jun  3 03:17:01 ip-172-31-28-123 CRON[2537]: (root) CMD (   cd / && run-parts --report /etc/cron.hourly)
Jun  3 03:26:19 ip-172-31-28-123 dhclient: DHCPREQUEST of 172.31.28.123 on eth0 to 172.31.16.1 port 67 (xid=0x7a376172)
Jun  3 03:26:19 ip-172-31-28-123 dhclient: DHCPACK of 172.31.28.123 from 172.31.16.1
Jun  3 03:26:19 ip-172-31-28-123 dhclient: bound to 172.31.28.123 -- renewal in 1412 seconds.
Jun  3 03:45:08 ip-172-31-28-123 rsyslogd: [origin software="rsyslogd" swVersion="7.4.4" x-pid="888" x-info="http://www.rsyslog.com"] exiting on signal 15.
Jun  3 03:45:41 ip-172-31-28-123 rsyslogd: [origin software="rsyslogd" swVersion="7.4.4" x-pid="882" x-info="http://www.rsyslog.com"] start
Jun  3 03:45:41 ip-172-31-28-123 rsyslogd-2307: warning: ~ action is deprecated, consider using the 'stop' statement instead [try http://www.rsyslog.com/e/2307 ]
Jun  3 03:45:41 ip-172-31-28-123 rsyslogd: rsyslogd's groupid changed to 104
Jun  3 03:45:41 ip-172-31-28-123 rsyslogd: rsyslogd's userid changed to 101
Jun  3 03:45:41 ip-172-31-28-123 kernel: [    0.000000] Initializing cgroup subsys cpuset
Jun  3 03:45:41 ip-172-31-28-123 kernel: [    0.000000] Initializing cgroup subsys cpu
Jun  3 03:45:41 ip-172-31-28-123 kernel: [    0.000000] Initializing cgroup subsys cpuacct
Jun  3 03:45:41 ip-172-31-28-123 kernel: [    0.000000] Linux version 3.13.0-113-generic (buildd@lcy01-35) (gcc version 4.8.4 (Ubuntu 4.8.4-2ubuntu1~14.04.3) ) #160-Ubuntu SMP Thu Mar 9 09:27:29 UTC 2017 (Ubuntu 3.13.0-113.160-generic 3.13.11-ckt39)
Jun  3 03:45:41 ip-172-31-28-123 kernel: [    0.000000] Command line: BOOT_IMAGE=/boot/vmlinuz-3.13.0-113-generic root=UUID=ae52628c-3b54-412a-b628-ccc055e4bee3 ro console=tty1 console=ttyS0
Jun  3 03:45:41 ip-172-31-28-123 kernel: [    0.000000] KERNEL supported cpus:
Jun  3 03:45:41 ip-172-31-28-123 kernel: [    0.000000]   Intel GenuineIntel
Jun  3 03:45:41 ip-172-31-28-123 kernel: [    0.000000]   AMD AuthenticAMD
Jun  3 03:45:41 ip-172-31-28-123 kernel: [    0.000000]   Centaur CentaurHauls
Jun  3 03:45:41 ip-172-31-28-123 kernel: [    0.000000] e820: BIOS-provided physical RAM map:
Jun  3 03:45:41 ip-172-31-28-123 kernel: [    0.000000] BIOS-e820: [mem 0x0000000000000000-0x000000000009dfff] usable
Jun  3 03:45:41 ip-172-31-28-123 kernel: [    0.000000] BIOS-e820: [mem 0x000000000009e000-0x000000000009ffff] reserved
Jun  3 03:45:41 ip-172-31-28-123 kernel: [    0.000000] BIOS-e820: [mem 0x00000000000e0000-0x00000000000fffff] reserved
Jun  3 03:45:41 ip-172-31-28-123 kernel: [    0.000000] BIOS-e820: [mem 0x0000000000100000-0x000000003fffffff] usable
Jun  3 03:45:41 ip-172-31-28-123 kernel: [    0.000000] BIOS-e820: [mem 0x00000000fc000000-0x00000000ffffffff] reserved
Jun  3 03:45:41 ip-172-31-28-123 kernel: [    0.000000] NX (Execute Disable) protection: active
Jun  3 03:45:41 ip-172-31-28-123 kernel: [    0.000000] SMBIOS 2.4 present.
Jun  3 03:45:41 ip-172-31-28-123 kernel: [    0.000000] DMI: Xen HVM domU, BIOS 4.2.amazon 02/16/2017
Jun  3 03:45:41 ip-172-31-28-123 kernel: [    0.000000] Hypervisor detected: Xen HVM
Jun  3 03:45:41 ip-172-31-28-123 kernel: [    0.000000] Xen version 4.2.
Jun  3 03:45:41 ip-172-31-28-123 kernel: [    0.000000] Xen Platform PCI: I/O protocol version 1
Jun  3 03:45:41 ip-172-31-28-123 kernel: [    0.000000] Netfront and the Xen platform PCI driver have been compiled for this kernel: unplug emulated NICs.
Jun  3 03:45:41 ip-172-31-28-123 kernel: [    0.000000] Blkfront and the Xen platform PCI driver have been compiled for this kernel: unplug emulated disks.
Jun  3 03:45:41 ip-172-31-28-123 kernel: [    0.000000] You might have to change the root device
Jun  3 03:45:41 ip-172-31-28-123 kernel: [    0.000000] from /dev/hd[a-d] to /dev/xvd[a-d]
Jun  3 03:45:41 ip-172-31-28-123 kernel: [    0.000000] in your root= kernel command line option
Jun  3 03:45:41 ip-172-31-28-123 kernel: [    0.000000] HVMOP_pagetable_dying not supported
Jun  3 03:45:41 ip-172-31-28-123 kernel: [    0.000000] e820: update [mem 0x00000000-0x00000fff] usable ==> reserved
Jun  3 03:45:41 ip-172-31-28-123 kernel: [    0.000000] e820: remove [mem 0x000a0000-0x000fffff] usable
Jun  3 03:45:41 ip-172-31-28-123 kernel: [    0.000000] No AGP bridge found
Jun  3 03:45:41 ip-172-31-28-123 kernel: [    0.000000] e820: last_pfn = 0x40000 max_arch_pfn = 0x400000000
Jun  3 03:45:41 ip-172-31-28-123 kernel: [    0.000000] MTRR default type: write-back
Jun  3 03:45:41 ip-172-31-28-123 kernel: [    0.000000] MTRR fixed ranges enabled:
Jun  3 03:45:41 ip-172-31-28-123 kernel: [    0.000000]   00000-9FFFF write-back
Jun  3 03:45:41 ip-172-31-28-123 kernel: [    0.000000]   A0000-BFFFF write-combining
Jun  3 03:45:41 ip-172-31-28-123 kernel: [    0.000000]   C0000-FFFFF write-back
Jun  3 03:45:41 ip-172-31-28-123 kernel: [    0.000000] MTRR variable ranges enabled:
Jun  3 03:45:41 ip-172-31-28-123 kernel: [    0.000000]   0 base 0000F0000000 mask 3FFFF8000000 uncachable
Jun  3 03:45:41 ip-172-31-28-123 kernel: [    0.000000]   1 base 0000F8000000 mask 3FFFFC000000 uncachable
Jun  3 03:45:41 ip-172-31-28-123 kernel: [    0.000000]   2 disabled
Jun  3 03:45:41 ip-172-31-28-123 kernel: [    0.000000]   3 disabled
Jun  3 03:45:41 ip-172-31-28-123 kernel: [    0.000000]   4 disabled
Jun  3 03:45:41 ip-172-31-28-123 kernel: [    0.000000]   5 disabled
Jun  3 03:45:41 ip-172-31-28-123 kernel: [    0.000000]   6 disabled
Jun  3 03:45:41 ip-172-31-28-123 kernel: [    0.000000]   7 disabled
Jun  3 03:45:41 ip-172-31-28-123 kernel: [    0.000000] x86 PAT enabled: cpu 0, old 0x7040600070406, new 0x7010600070106
Jun  3 03:45:41 ip-172-31-28-123 kernel: [    0.000000] found SMP MP-table at [mem 0x000fbc20-0x000fbc2f] mapped at [ffff8800000fbc20]
Jun  3 03:45:41 ip-172-31-28-123 kernel: [    0.000000] Scanning 1 areas for low memory corruption
Jun  3 03:45:41 ip-172-31-28-123 kernel: [    0.000000] Base memory trampoline at [ffff880000098000] 98000 size 24576
Jun  3 03:45:41 ip-172-31-28-123 kernel: [    0.000000] init_memory_mapping: [mem 0x00000000-0x000fffff]
Jun  3 03:45:41 ip-172-31-28-123 kernel: [    0.000000]  [mem 0x00000000-0x000fffff] page 4k
Jun  3 03:45:41 ip-172-31-28-123 kernel: [    0.000000] BRK [0x01fe4000, 0x01fe4fff] PGTABLE
Jun  3 03:45:41 ip-172-31-28-123 kernel: [    0.000000] BRK [0x01fe5000, 0x01fe5fff] PGTABLE
Jun  3 03:45:41 ip-172-31-28-123 kernel: [    0.000000] BRK [0x01fe6000, 0x01fe6fff] PGTABLE
Jun  3 03:45:41 ip-172-31-28-123 kernel: [    0.000000] init_memory_mapping: [mem 0x3fe00000-0x3fffffff]
Jun  3 03:45:41 ip-172-31-28-123 kernel: [    0.000000]  [mem 0x3fe00000-0x3fffffff] page 2M
Jun  3 03:45:41 ip-172-31-28-123 kernel: [    0.000000] init_memory_mapping: [mem 0x3c000000-0x3fdfffff]
Jun  3 03:45:41 ip-172-31-28-123 kernel: [    0.000000]  [mem 0x3c000000-0x3fdfffff] page 2M
Jun  3 03:45:41 ip-172-31-28-123 kernel: [    0.000000] init_memory_mapping: [mem 0x00100000-0x3bffffff]
Jun  3 03:45:41 ip-172-31-28-123 kernel: [    0.000000]  [mem 0x00100000-0x001fffff] page 4k
Jun  3 03:45:41 ip-172-31-28-123 kernel: [    0.000000]  [mem 0x00200000-0x3bffffff] page 2M
Jun  3 03:45:41 ip-172-31-28-123 kernel: [    0.000000] RAMDISK: [mem 0x371de000-0x378e6fff]
Jun  3 03:45:41 ip-172-31-28-123 kernel: [    0.000000] ACPI: RSDP 00000000000ea020 000024 (v02    Xen)
Jun  3 03:45:41 ip-172-31-28-123 kernel: [    0.000000] ACPI: XSDT 00000000fc00ddc0 000054 (v01    Xen      HVM 00000000 HVML 00000000)
Jun  3 03:45:41 ip-172-31-28-123 kernel: [    0.000000] ACPI: FACP 00000000fc00da80 0000F4 (v04    Xen      HVM 00000000 HVML 00000000)
Jun  3 03:45:41 ip-172-31-28-123 kernel: [    0.000000] ACPI: DSDT 00000000fc001ce0 00BD19 (v02    Xen      HVM 00000000 INTL 20090123)
Jun  3 03:45:41 ip-172-31-28-123 kernel: [    0.000000] ACPI: FACS 00000000fc001ca0 000040
Jun  3 03:45:41 ip-172-31-28-123 kernel: [    0.000000] ACPI: APIC 00000000fc00db80 0000D8 (v02    Xen      HVM 00000000 HVML 00000000)
Jun  3 03:45:41 ip-172-31-28-123 kernel: [    0.000000] ACPI: HPET 00000000fc00dcd0 000038 (v01    Xen      HVM 00000000 HVML 00000000)
Jun  3 03:45:41 ip-172-31-28-123 kernel: [    0.000000] ACPI: WAET 00000000fc00dd10 000028 (v01    Xen      HVM 00000000 HVML 00000000)
Jun  3 03:45:41 ip-172-31-28-123 kernel: [    0.000000] ACPI: SSDT 00000000fc00dd40 000031 (v02    Xen      HVM 00000000 INTL 20090123)
Jun  3 03:45:41 ip-172-31-28-123 kernel: [    0.000000] ACPI: SSDT 00000000fc00dd80 000031 (v02    Xen      HVM 00000000 INTL 20090123)
Jun  3 03:45:41 ip-172-31-28-123 kernel: [    0.000000] ACPI: Local APIC address 0xfee00000
Jun  3 03:45:41 ip-172-31-28-123 kernel: [    0.000000] No NUMA configuration found
Jun  3 03:45:41 ip-172-31-28-123 kernel: [    0.000000] Faking a node at [mem 0x0000000000000000-0x000000003fffffff]
Jun  3 03:45:41 ip-172-31-28-123 kernel: [    0.000000] Initmem setup node 0 [mem 0x00000000-0x3fffffff]
Jun  3 03:45:41 ip-172-31-28-123 kernel: [    0.000000]   NODE_DATA [mem 0x3fffb000-0x3fffffff]
Jun  3 03:45:41 ip-172-31-28-123 kernel: [    0.000000]  [ffffea0000000000-ffffea0000ffffff] PMD -> [ffff88003e600000-ffff88003f5fffff] on node 0
Jun  3 03:45:41 ip-172-31-28-123 kernel: [    0.000000] Zone ranges:
Jun  3 03:45:41 ip-172-31-28-123 kernel: [    0.000000]   DMA      [mem 0x00001000-0x00ffffff]
Jun  3 03:45:41 ip-172-31-28-123 kernel: [    0.000000]   DMA32    [mem 0x01000000-0xffffffff]
Jun  3 03:45:41 ip-172-31-28-123 kernel: [    0.000000]   Normal   empty
Jun  3 03:45:41 ip-172-31-28-123 kernel: [    0.000000] Movable zone start for each node
Jun  3 03:45:41 ip-172-31-28-123 kernel: [    0.000000] Early memory node ranges
Jun  3 03:45:41 ip-172-31-28-123 kernel: [    0.000000]   node   0: [mem 0x00001000-0x0009dfff]
Jun  3 03:45:41 ip-172-31-28-123 kernel: [    0.000000]   node   0: [mem 0x00100000-0x3fffffff]
Jun  3 03:45:41 ip-172-31-28-123 kernel: [    0.000000] On node 0 totalpages: 262045
Jun  3 03:45:41 ip-172-31-28-123 kernel: [    0.000000]   DMA zone: 64 pages used for memmap
Jun  3 03:45:41 ip-172-31-28-123 kernel: [    0.000000]   DMA zone: 21 pages reserved
Jun  3 03:45:41 ip-172-31-28-123 kernel: [    0.000000]   DMA zone: 3997 pages, LIFO batch:0
Jun  3 03:45:41 ip-172-31-28-123 kernel: [    0.000000]   DMA32 zone: 4032 pages used for memmap
Jun  3 03:45:41 ip-172-31-28-123 kernel: [    0.000000]   DMA32 zone: 258048 pages, LIFO batch:31
Jun  3 03:45:41 ip-172-31-28-123 kernel: [    0.000000] ACPI: PM-Timer IO Port: 0xb008
Jun  3 03:45:41 ip-172-31-28-123 kernel: [    0.000000] ACPI: Local APIC address 0xfee00000
Jun  3 03:45:41 ip-172-31-28-123 kernel: [    0.000000] ACPI: LAPIC (acpi_id[0x00] lapic_id[0x00] enabled)
Jun  3 03:45:41 ip-172-31-28-123 kernel: [    0.000000] ACPI: LAPIC (acpi_id[0x01] lapic_id[0x00] disabled)
Jun  3 03:45:41 ip-172-31-28-123 kernel: [    0.000000] ACPI: LAPIC (acpi_id[0x02] lapic_id[0x00] disabled)
Jun  3 03:45:41 ip-172-31-28-123 kernel: [    0.000000] ACPI: LAPIC (acpi_id[0x03] lapic_id[0x00] disabled)
Jun  3 03:45:41 ip-172-31-28-123 kernel: [    0.000000] ACPI: LAPIC (acpi_id[0x04] lapic_id[0x00] disabled)
Jun  3 03:45:41 ip-172-31-28-123 kernel: [    0.000000] ACPI: LAPIC (acpi_id[0x05] lapic_id[0x00] disabled)
Jun  3 03:45:41 ip-172-31-28-123 kernel: [    0.000000] ACPI: LAPIC (acpi_id[0x06] lapic_id[0x00] disabled)
Jun  3 03:45:41 ip-172-31-28-123 kernel: [    0.000000] ACPI: LAPIC (acpi_id[0x07] lapic_id[0x00] disabled)
Jun  3 03:45:41 ip-172-31-28-123 kernel: [    0.000000] ACPI: LAPIC (acpi_id[0x08] lapic_id[0x00] disabled)
Jun  3 03:45:41 ip-172-31-28-123 kernel: [    0.000000] ACPI: LAPIC (acpi_id[0x09] lapic_id[0x00] disabled)
Jun  3 03:45:41 ip-172-31-28-123 kernel: [    0.000000] ACPI: LAPIC (acpi_id[0x0a] lapic_id[0x00] disabled)
Jun  3 03:45:41 ip-172-31-28-123 kernel: [    0.000000] ACPI: LAPIC (acpi_id[0x0b] lapic_id[0x00] disabled)
Jun  3 03:45:41 ip-172-31-28-123 kernel: [    0.000000] ACPI: LAPIC (acpi_id[0x0c] lapic_id[0x00] disabled)
Jun  3 03:45:41 ip-172-31-28-123 kernel: [    0.000000] ACPI: LAPIC (acpi_id[0x0d] lapic_id[0x00] disabled)
Jun  3 03:45:41 ip-172-31-28-123 kernel: [    0.000000] ACPI: LAPIC (acpi_id[0x0e] lapic_id[0x00] disabled)
Jun  3 03:45:41 ip-172-31-28-123 kernel: [    0.000000] ACPI: IOAPIC (id[0x01] address[0xfec00000] gsi_base[0])
Jun  3 03:45:41 ip-172-31-28-123 kernel: [    0.000000] IOAPIC[0]: apic_id 1, version 17, address 0xfec00000, GSI 0-47
Jun  3 03:45:41 ip-172-31-28-123 kernel: [    0.000000] ACPI: INT_SRC_OVR (bus 0 bus_irq 0 global_irq 2 dfl dfl)
Jun  3 03:45:41 ip-172-31-28-123 kernel: [    0.000000] ACPI: INT_SRC_OVR (bus 0 bus_irq 5 global_irq 5 low level)
Jun  3 03:45:41 ip-172-31-28-123 kernel: [    0.000000] ACPI: INT_SRC_OVR (bus 0 bus_irq 10 global_irq 10 low level)
Jun  3 03:45:41 ip-172-31-28-123 kernel: [    0.000000] ACPI: INT_SRC_OVR (bus 0 bus_irq 11 global_irq 11 low level)
Jun  3 03:45:41 ip-172-31-28-123 kernel: [    0.000000] ACPI: IRQ0 used by override.
Jun  3 03:45:41 ip-172-31-28-123 kernel: [    0.000000] ACPI: IRQ2 used by override.
Jun  3 03:45:41 ip-172-31-28-123 kernel: [    0.000000] ACPI: IRQ5 used by override.
Jun  3 03:45:41 ip-172-31-28-123 kernel: [    0.000000] ACPI: IRQ9 used by override.
Jun  3 03:45:41 ip-172-31-28-123 kernel: [    0.000000] ACPI: IRQ10 used by override.
Jun  3 03:45:41 ip-172-31-28-123 kernel: [    0.000000] ACPI: IRQ11 used by override.
Jun  3 03:45:41 ip-172-31-28-123 kernel: [    0.000000] Using ACPI (MADT) for SMP configuration information
Jun  3 03:45:41 ip-172-31-28-123 kernel: [    0.000000] ACPI: HPET id: 0x8086a201 base: 0xfed00000
Jun  3 03:45:41 ip-172-31-28-123 kernel: [    0.000000] smpboot: Allowing 15 CPUs, 14 hotplug CPUs
Jun  3 03:45:41 ip-172-31-28-123 kernel: [    0.000000] nr_irqs_gsi: 64
Jun  3 03:45:41 ip-172-31-28-123 kernel: [    0.000000] PM: Registered nosave memory: [mem 0x0009e000-0x0009ffff]
Jun  3 03:45:41 ip-172-31-28-123 kernel: [    0.000000] PM: Registered nosave memory: [mem 0x000a0000-0x000dffff]
Jun  3 03:45:41 ip-172-31-28-123 kernel: [    0.000000] PM: Registered nosave memory: [mem 0x000e0000-0x000fffff]
Jun  3 03:45:41 ip-172-31-28-123 kernel: [    0.000000] e820: [mem 0x40000000-0xfbffffff] available for PCI devices
Jun  3 03:45:41 ip-172-31-28-123 kernel: [    0.000000] Booting paravirtualized kernel on Xen HVM
Jun  3 03:45:41 ip-172-31-28-123 kernel: [    0.000000] setup_percpu: NR_CPUS:256 nr_cpumask_bits:256 nr_cpu_ids:15 nr_node_ids:1
Jun  3 03:45:41 ip-172-31-28-123 kernel: [    0.000000] PERCPU: Embedded 27 pages/cpu @ffff88003fc00000 s81536 r8192 d20864 u131072
Jun  3 03:45:41 ip-172-31-28-123 kernel: [    0.000000] pcpu-alloc: s81536 r8192 d20864 u131072 alloc=1*2097152
Jun  3 03:45:41 ip-172-31-28-123 kernel: [    0.000000] pcpu-alloc: [0] 00 01 02 03 04 05 06 07 08 09 10 11 12 13 14 -- 
Jun  3 03:45:41 ip-172-31-28-123 kernel: [    0.000000] xen: PV spinlocks enabled
Jun  3 03:45:41 ip-172-31-28-123 kernel: [    0.000000] Built 1 zonelists in Node order, mobility grouping on.  Total pages: 257928
Jun  3 03:45:41 ip-172-31-28-123 kernel: [    0.000000] Policy zone: DMA32
Jun  3 03:45:41 ip-172-31-28-123 kernel: [    0.000000] Kernel command line: BOOT_IMAGE=/boot/vmlinuz-3.13.0-113-generic root=UUID=ae52628c-3b54-412a-b628-ccc055e4bee3 ro console=tty1 console=ttyS0
Jun  3 03:45:41 ip-172-31-28-123 kernel: [    0.000000] PID hash table entries: 4096 (order: 3, 32768 bytes)
Jun  3 03:45:41 ip-172-31-28-123 kernel: [    0.000000] xsave: enabled xstate_bv 0x7, cntxt size 0x340
Jun  3 03:45:41 ip-172-31-28-123 kernel: [    0.000000] Checking aperture...
Jun  3 03:45:41 ip-172-31-28-123 kernel: [    0.000000] No AGP bridge found
Jun  3 03:45:41 ip-172-31-28-123 kernel: [    0.000000] Calgary: detecting Calgary via BIOS EBDA area
Jun  3 03:45:41 ip-172-31-28-123 kernel: [    0.000000] Calgary: Unable to locate Rio Grande table in EBDA - bailing!
Jun  3 03:45:41 ip-172-31-28-123 kernel: [    0.000000] Memory: 1006320K/1048180K available (7432K kernel code, 1147K rwdata, 3424K rodata, 1340K init, 1448K bss, 41860K reserved)
Jun  3 03:45:41 ip-172-31-28-123 kernel: [    0.000000] SLUB: HWalign=64, Order=0-3, MinObjects=0, CPUs=15, Nodes=1
Jun  3 03:45:41 ip-172-31-28-123 kernel: [    0.000000] Hierarchical RCU implementation.
Jun  3 03:45:41 ip-172-31-28-123 kernel: [    0.000000] 	RCU dyntick-idle grace-period acceleration is enabled.
Jun  3 03:45:41 ip-172-31-28-123 kernel: [    0.000000] 	RCU restricting CPUs from NR_CPUS=256 to nr_cpu_ids=15.
Jun  3 03:45:41 ip-172-31-28-123 kernel: [    0.000000] 	Offload RCU callbacks from all CPUs
Jun  3 03:45:41 ip-172-31-28-123 kernel: [    0.000000] 	Offload RCU callbacks from CPUs: 0-14.
Jun  3 03:45:41 ip-172-31-28-123 kernel: [    0.000000] NR_IRQS:16640 nr_irqs:1208 16
Jun  3 03:45:41 ip-172-31-28-123 kernel: [    0.000000] xen:events: Xen HVM callback vector for event delivery is enabled
Jun  3 03:45:41 ip-172-31-28-123 kernel: [    0.000000] Console: colour VGA+ 80x25
Jun  3 03:45:41 ip-172-31-28-123 kernel: [    0.000000] console [tty1] enabled
Jun  3 03:45:41 ip-172-31-28-123 kernel: [    0.000000] Cannot get hvm parameter CONSOLE_EVTCHN (18): -22!
Jun  3 03:45:41 ip-172-31-28-123 kernel: [    0.000000] console [ttyS0] enabled
Jun  3 03:45:41 ip-172-31-28-123 kernel: [    0.000000] allocated 4194304 bytes of page_cgroup
Jun  3 03:45:41 ip-172-31-28-123 kernel: [    0.000000] please try 'cgroup_disable=memory' option if you don't want memory cgroups
Jun  3 03:45:41 ip-172-31-28-123 kernel: [    0.000000] hpet clockevent registered
Jun  3 03:45:41 ip-172-31-28-123 kernel: [    0.000000] tsc: Detected 2400.062 MHz processor
Jun  3 03:45:41 ip-172-31-28-123 kernel: [    0.008000] Calibrating delay loop (skipped), value calculated using timer frequency.. 4800.12 BogoMIPS (lpj=9600248)
Jun  3 03:45:41 ip-172-31-28-123 kernel: [    0.010004] pid_max: default: 32768 minimum: 301
Jun  3 03:45:41 ip-172-31-28-123 kernel: [    0.012050] Security Framework initialized
Jun  3 03:45:41 ip-172-31-28-123 kernel: [    0.016029] AppArmor: AppArmor initialized
Jun  3 03:45:41 ip-172-31-28-123 kernel: [    0.019047] Yama: becoming mindful.
Jun  3 03:45:41 ip-172-31-28-123 kernel: [    0.020107] Dentry cache hash table entries: 131072 (order: 8, 1048576 bytes)
Jun  3 03:45:41 ip-172-31-28-123 kernel: [    0.024185] Inode-cache hash table entries: 65536 (order: 7, 524288 bytes)
Jun  3 03:45:41 ip-172-31-28-123 kernel: [    0.032089] Mount-cache hash table entries: 2048 (order: 2, 16384 bytes)
Jun  3 03:45:41 ip-172-31-28-123 kernel: [    0.036008] Mountpoint-cache hash table entries: 2048 (order: 2, 16384 bytes)
Jun  3 03:45:41 ip-172-31-28-123 kernel: [    0.040202] Initializing cgroup subsys memory
Jun  3 03:45:41 ip-172-31-28-123 kernel: [    0.044009] Initializing cgroup subsys devices
Jun  3 03:45:41 ip-172-31-28-123 kernel: [    0.046972] Initializing cgroup subsys freezer
Jun  3 03:45:41 ip-172-31-28-123 kernel: [    0.048007] Initializing cgroup subsys blkio
Jun  3 03:45:41 ip-172-31-28-123 kernel: [    0.052005] Initializing cgroup subsys perf_event
Jun  3 03:45:41 ip-172-31-28-123 kernel: [    0.056009] Initializing cgroup subsys hugetlb
Jun  3 03:45:41 ip-172-31-28-123 kernel: [    0.059202] CPU: Physical Processor ID: 0
Jun  3 03:45:41 ip-172-31-28-123 kernel: [    0.060740] mce: CPU supports 2 MCE banks
Jun  3 03:45:41 ip-172-31-28-123 kernel: [    0.064021] Last level iTLB entries: 4KB 0, 2MB 0, 4MB 0
Jun  3 03:45:41 ip-172-31-28-123 kernel: [    0.064021] Last level dTLB entries: 4KB 64, 2MB 0, 4MB 0
Jun  3 03:45:41 ip-172-31-28-123 kernel: [    0.064021] tlb_flushall_shift: 6
Jun  3 03:45:41 ip-172-31-28-123 kernel: [    0.092603] ACPI: Core revision 20131115
Jun  3 03:45:41 ip-172-31-28-123 kernel: [    0.098281] ACPI: All ACPI Tables successfully acquired
Jun  3 03:45:41 ip-172-31-28-123 kernel: [    0.100748] ftrace: allocating 28674 entries in 113 pages
Jun  3 03:45:41 ip-172-31-28-123 kernel: [    0.129304] Switched APIC routing to physical flat.
Jun  3 03:45:41 ip-172-31-28-123 kernel: [    0.136311] ..TIMER: vector=0x30 apic1=0 pin1=2 apic2=0 pin2=0
Jun  3 03:45:41 ip-172-31-28-123 kernel: [    0.181368] smpboot: CPU0: Intel(R) Xeon(R) CPU E5-2676 v3 @ 2.40GHz (fam: 06, model: 3f, stepping: 02)
Jun  3 03:45:41 ip-172-31-28-123 kernel: [    0.188031] Xen: using vcpuop timer interface
Jun  3 03:45:41 ip-172-31-28-123 kernel: [    0.188041] installing Xen timer for CPU 0
Jun  3 03:45:41 ip-172-31-28-123 kernel: [    0.190905] cpu 0 spinlock event irq 69
Jun  3 03:45:41 ip-172-31-28-123 kernel: [    0.196128] Performance Events: unsupported p6 CPU model 63 no PMU driver, software events only.
Jun  3 03:45:41 ip-172-31-28-123 kernel: [    0.204480] x86: Booted up 1 node, 1 CPUs
Jun  3 03:45:41 ip-172-31-28-123 kernel: [    0.207471] smpboot: Total of 1 processors activated (4800.12 BogoMIPS)
Jun  3 03:45:41 ip-172-31-28-123 kernel: [    0.208294] NMI watchdog: disabled (cpu0): hardware events not enabled
Jun  3 03:45:41 ip-172-31-28-123 kernel: [    0.212198] devtmpfs: initialized
Jun  3 03:45:41 ip-172-31-28-123 kernel: [    0.216290] EVM: security.selinux
Jun  3 03:45:41 ip-172-31-28-123 kernel: [    0.218827] EVM: security.SMACK64
Jun  3 03:45:41 ip-172-31-28-123 kernel: [    0.220006] EVM: security.ima
Jun  3 03:45:41 ip-172-31-28-123 kernel: [    0.222359] EVM: security.capability
Jun  3 03:45:41 ip-172-31-28-123 kernel: [    0.224645] pinctrl core: initialized pinctrl subsystem
Jun  3 03:45:41 ip-172-31-28-123 kernel: [    0.228073] regulator-dummy: no parameters
Jun  3 03:45:41 ip-172-31-28-123 kernel: [    0.231255] RTC time:  3:45:35, date: 06/03/17
Jun  3 03:45:41 ip-172-31-28-123 kernel: [    0.232052] NET: Registered protocol family 16
Jun  3 03:45:41 ip-172-31-28-123 kernel: [    0.235387] cpuidle: using governor ladder
Jun  3 03:45:41 ip-172-31-28-123 kernel: [    0.236007] cpuidle: using governor menu
Jun  3 03:45:41 ip-172-31-28-123 kernel: [    0.238685] ACPI: bus type PCI registered
Jun  3 03:45:41 ip-172-31-28-123 kernel: [    0.240007] acpiphp: ACPI Hot Plug PCI Controller Driver version: 0.5
Jun  3 03:45:41 ip-172-31-28-123 kernel: [    0.244307] PCI: Using configuration type 1 for base access
Jun  3 03:45:41 ip-172-31-28-123 kernel: [    0.248409] bio: create slab <bio-0> at 0
Jun  3 03:45:41 ip-172-31-28-123 kernel: [    0.251349] ACPI: Added _OSI(Module Device)
Jun  3 03:45:41 ip-172-31-28-123 kernel: [    0.252007] ACPI: Added _OSI(Processor Device)
Jun  3 03:45:41 ip-172-31-28-123 kernel: [    0.255066] ACPI: Added _OSI(3.0 _SCP Extensions)
Jun  3 03:45:41 ip-172-31-28-123 kernel: [    0.256008] ACPI: Added _OSI(Processor Aggregator Device)
Jun  3 03:45:41 ip-172-31-28-123 kernel: [    0.262558] ACPI: Interpreter enabled
Jun  3 03:45:41 ip-172-31-28-123 kernel: [    0.264009] ACPI Exception: AE_NOT_FOUND, While evaluating Sleep State [\_S1_] (20131115/hwxface-580)
Jun  3 03:45:41 ip-172-31-28-123 kernel: [    0.269912] ACPI Exception: AE_NOT_FOUND, While evaluating Sleep State [\_S2_] (20131115/hwxface-580)
Jun  3 03:45:41 ip-172-31-28-123 kernel: [    0.276017] ACPI: (supports S0 S3 S4 S5)
Jun  3 03:45:41 ip-172-31-28-123 kernel: [    0.278847] ACPI: Using IOAPIC for interrupt routing
Jun  3 03:45:41 ip-172-31-28-123 kernel: [    0.280045] PCI: Using host bridge windows from ACPI; if necessary, use "pci=nocrs" and report a bug
Jun  3 03:45:41 ip-172-31-28-123 kernel: [    0.303380] ACPI: No dock devices found.
Jun  3 03:45:41 ip-172-31-28-123 kernel: [    0.343501] ACPI: PCI Root Bridge [PCI0] (domain 0000 [bus 00-ff])
Jun  3 03:45:41 ip-172-31-28-123 kernel: [    0.344014] acpi PNP0A03:00: _OSC: OS supports [ASPM ClockPM Segments MSI]
Jun  3 03:45:41 ip-172-31-28-123 kernel: [    0.348014] acpi PNP0A03:00: _OSC failed (AE_NOT_FOUND); disabling ASPM
Jun  3 03:45:41 ip-172-31-28-123 kernel: [    0.352164] acpi PNP0A03:00: fail to add MMCONFIG information, can't access extended PCI configuration space under this bridge.
Jun  3 03:45:41 ip-172-31-28-123 kernel: [    0.356709] acpiphp: Slot [0] registered
Jun  3 03:45:41 ip-172-31-28-123 kernel: [    0.360238] acpiphp: Slot [3] registered
Jun  3 03:45:41 ip-172-31-28-123 kernel: [    0.363355] acpiphp: Slot [4] registered
Jun  3 03:45:41 ip-172-31-28-123 kernel: [    0.364300] acpiphp: Slot [5] registered
Jun  3 03:45:41 ip-172-31-28-123 kernel: [    0.367292] acpiphp: Slot [6] registered
Jun  3 03:45:41 ip-172-31-28-123 kernel: [    0.368287] acpiphp: Slot [7] registered
Jun  3 03:45:41 ip-172-31-28-123 kernel: [    0.371411] acpiphp: Slot [8] registered
Jun  3 03:45:41 ip-172-31-28-123 kernel: [    0.372321] acpiphp: Slot [9] registered
Jun  3 03:45:41 ip-172-31-28-123 kernel: [    0.375403] acpiphp: Slot [10] registered
Jun  3 03:45:41 ip-172-31-28-123 kernel: [    0.376318] acpiphp: Slot [11] registered
Jun  3 03:45:41 ip-172-31-28-123 kernel: [    0.379520] acpiphp: Slot [12] registered
Jun  3 03:45:41 ip-172-31-28-123 kernel: [    0.380284] acpiphp: Slot [13] registered
Jun  3 03:45:41 ip-172-31-28-123 kernel: [    0.383406] acpiphp: Slot [14] registered
Jun  3 03:45:41 ip-172-31-28-123 kernel: [    0.384300] acpiphp: Slot [15] registered
Jun  3 03:45:41 ip-172-31-28-123 kernel: [    0.387591] acpiphp: Slot [16] registered
Jun  3 03:45:41 ip-172-31-28-123 kernel: [    0.388330] acpiphp: Slot [17] registered
Jun  3 03:45:41 ip-172-31-28-123 kernel: [    0.391449] acpiphp: Slot [18] registered
Jun  3 03:45:41 ip-172-31-28-123 kernel: [    0.392326] acpiphp: Slot [19] registered
Jun  3 03:45:41 ip-172-31-28-123 kernel: [    0.395545] acpiphp: Slot [20] registered
Jun  3 03:45:41 ip-172-31-28-123 kernel: [    0.396304] acpiphp: Slot [21] registered
Jun  3 03:45:41 ip-172-31-28-123 kernel: [    0.399497] acpiphp: Slot [22] registered
Jun  3 03:45:41 ip-172-31-28-123 kernel: [    0.400307] acpiphp: Slot [23] registered
Jun  3 03:45:41 ip-172-31-28-123 kernel: [    0.403956] acpiphp: Slot [24] registered
Jun  2 06:00:01 ip-172-31-3-205 rsyslogd: [origin software="rsyslogd" swVersion="7.4.4" x-pid="929" x-info="http://www.rsyslog.com"] start
Jun  2 06:00:01 ip-172-31-3-205 rsyslogd-2307: warning: ~ action is deprecated, consider using the 'stop' statement instead [try http://www.rsyslog.com/e/2307 ]
Jun  2 06:00:01 ip-172-31-3-205 rsyslogd: rsyslogd's groupid changed to 104
Jun  2 06:00:01 ip-172-31-3-205 rsyslogd: rsyslogd's userid changed to 101
Jun  2 06:00:01 ip-172-31-3-205 rsyslogd-2039: Could no open output pipe '/dev/xconsole': No such file or directory [try http://www.rsyslog.com/e/2039 ]
Jun  2 06:00:01 ip-172-31-3-205 kernel: [    0.000000] Initializing cgroup subsys cpuset
Jun  2 06:00:01 ip-172-31-3-205 kernel: [    0.000000] Initializing cgroup subsys cpu
Jun  2 06:00:01 ip-172-31-3-205 kernel: [    0.000000] Initializing cgroup subsys cpuacct
Jun  2 06:00:01 ip-172-31-3-205 kernel: [    0.000000] Linux version 3.13.0-113-generic (buildd@lcy01-35) (gcc version 4.8.4 (Ubuntu 4.8.4-2ubuntu1~14.04.3) ) #160-Ubuntu SMP Thu Mar 9 09:27:29 UTC 2017 (Ubuntu 3.13.0-113.160-generic 3.13.11-ckt39)
Jun  2 06:00:01 ip-172-31-3-205 kernel: [    0.000000] Command line: BOOT_IMAGE=/boot/vmlinuz-3.13.0-113-generic root=UUID=ae52628c-3b54-412a-b628-ccc055e4bee3 ro console=tty1 console=ttyS0
Jun  2 06:00:01 ip-172-31-3-205 kernel: [    0.000000] KERNEL supported cpus:
Jun  2 06:00:01 ip-172-31-3-205 kernel: [    0.000000]   Intel GenuineIntel
Jun  2 06:00:01 ip-172-31-3-205 kernel: [    0.000000]   AMD AuthenticAMD
Jun  2 06:00:01 ip-172-31-3-205 kernel: [    0.000000]   Centaur CentaurHauls
Jun  2 06:00:01 ip-172-31-3-205 kernel: [    0.000000] e820: BIOS-provided physical RAM map:
Jun  2 06:00:01 ip-172-31-3-205 kernel: [    0.000000] BIOS-e820: [mem 0x0000000000000000-0x000000000009dfff] usable
Jun  2 06:00:01 ip-172-31-3-205 kernel: [    0.000000] BIOS-e820: [mem 0x000000000009e000-0x000000000009ffff] reserved
Jun  2 06:00:01 ip-172-31-3-205 kernel: [    0.000000] BIOS-e820: [mem 0x00000000000e0000-0x00000000000fffff] reserved
Jun  2 06:00:01 ip-172-31-3-205 kernel: [    0.000000] BIOS-e820: [mem 0x0000000000100000-0x000000003fffffff] usable
Jun  2 06:00:01 ip-172-31-3-205 kernel: [    0.000000] BIOS-e820: [mem 0x00000000fc000000-0x00000000ffffffff] reserved
Jun  2 06:00:01 ip-172-31-3-205 kernel: [    0.000000] NX (Execute Disable) protection: active
Jun  2 06:00:01 ip-172-31-3-205 kernel: [    0.000000] SMBIOS 2.4 present.
Jun  2 06:00:01 ip-172-31-3-205 kernel: [    0.000000] DMI: Xen HVM domU, BIOS 4.2.amazon 02/16/2017
Jun  2 06:00:01 ip-172-31-3-205 kernel: [    0.000000] Hypervisor detected: Xen HVM
Jun  2 06:00:01 ip-172-31-3-205 kernel: [    0.000000] Xen version 4.2.
Jun  2 06:00:01 ip-172-31-3-205 kernel: [    0.000000] Xen Platform PCI: I/O protocol version 1
Jun  2 06:00:01 ip-172-31-3-205 kernel: [    0.000000] Netfront and the Xen platform PCI driver have been compiled for this kernel: unplug emulated NICs.
Jun  2 06:00:01 ip-172-31-3-205 kernel: [    0.000000] Blkfront and the Xen platform PCI driver have been compiled for this kernel: unplug emulated disks.
Jun  2 06:00:01 ip-172-31-3-205 kernel: [    0.000000] You might have to change the root device
Jun  2 06:00:01 ip-172-31-3-205 kernel: [    0.000000] from /dev/hd[a-d] to /dev/xvd[a-d]
Jun  2 06:00:01 ip-172-31-3-205 kernel: [    0.000000] in your root= kernel command line option
Jun  2 06:00:01 ip-172-31-3-205 kernel: [    0.000000] HVMOP_pagetable_dying not supported
Jun  2 06:00:01 ip-172-31-3-205 kernel: [    0.000000] e820: update [mem 0x00000000-0x00000fff] usable ==> reserved
Jun  2 06:00:01 ip-172-31-3-205 kernel: [    0.000000] e820: remove [mem 0x000a0000-0x000fffff] usable
Jun  2 06:00:01 ip-172-31-3-205 kernel: [    0.000000] No AGP bridge found
Jun  2 06:00:01 ip-172-31-3-205 kernel: [    0.000000] e820: last_pfn = 0x40000 max_arch_pfn = 0x400000000
Jun  2 06:00:01 ip-172-31-3-205 kernel: [    0.000000] MTRR default type: write-back
Jun  2 06:00:01 ip-172-31-3-205 kernel: [    0.000000] MTRR fixed ranges enabled:
Jun  2 06:00:01 ip-172-31-3-205 kernel: [    0.000000]   00000-9FFFF write-back
Jun  2 06:00:01 ip-172-31-3-205 kernel: [    0.000000]   A0000-BFFFF write-combining
Jun  2 06:00:01 ip-172-31-3-205 kernel: [    0.000000]   C0000-FFFFF write-back
Jun  2 06:00:01 ip-172-31-3-205 kernel: [    0.000000] MTRR variable ranges enabled:
Jun  2 06:00:01 ip-172-31-3-205 kernel: [    0.000000]   0 base 0000F0000000 mask 3FFFF8000000 uncachable
Jun  2 06:00:01 ip-172-31-3-205 kernel: [    0.000000]   1 base 0000F8000000 mask 3FFFFC000000 uncachable
Jun  2 06:00:01 ip-172-31-3-205 kernel: [    0.000000]   2 disabled
Jun  2 06:00:01 ip-172-31-3-205 kernel: [    0.000000]   3 disabled
Jun  2 06:00:01 ip-172-31-3-205 kernel: [    0.000000]   4 disabled
Jun  2 06:00:01 ip-172-31-3-205 kernel: [    0.000000]   5 disabled
Jun  2 06:00:01 ip-172-31-3-205 kernel: [    0.000000]   6 disabled
Jun  2 06:00:01 ip-172-31-3-205 kernel: [    0.000000]   7 disabled
Jun  2 06:00:01 ip-172-31-3-205 kernel: [    0.000000] x86 PAT enabled: cpu 0, old 0x7040600070406, new 0x7010600070106
Jun  2 06:00:01 ip-172-31-3-205 kernel: [    0.000000] found SMP MP-table at [mem 0x000fbc20-0x000fbc2f] mapped at [ffff8800000fbc20]
Jun  2 06:00:01 ip-172-31-3-205 kernel: [    0.000000] Scanning 1 areas for low memory corruption
Jun  2 06:00:01 ip-172-31-3-205 kernel: [    0.000000] Base memory trampoline at [ffff880000098000] 98000 size 24576
Jun  2 06:00:01 ip-172-31-3-205 kernel: [    0.000000] init_memory_mapping: [mem 0x00000000-0x000fffff]
Jun  2 06:00:01 ip-172-31-3-205 kernel: [    0.000000]  [mem 0x00000000-0x000fffff] page 4k
Jun  2 06:00:01 ip-172-31-3-205 kernel: [    0.000000] BRK [0x01fe4000, 0x01fe4fff] PGTABLE
Jun  2 06:00:01 ip-172-31-3-205 kernel: [    0.000000] BRK [0x01fe5000, 0x01fe5fff] PGTABLE
Jun  2 06:00:01 ip-172-31-3-205 kernel: [    0.000000] BRK [0x01fe6000, 0x01fe6fff] PGTABLE
Jun  2 06:00:01 ip-172-31-3-205 kernel: [    0.000000] init_memory_mapping: [mem 0x3fe00000-0x3fffffff]
Jun  2 06:00:01 ip-172-31-3-205 kernel: [    0.000000]  [mem 0x3fe00000-0x3fffffff] page 2M
Jun  2 06:00:01 ip-172-31-3-205 kernel: [    0.000000] init_memory_mapping: [mem 0x3c000000-0x3fdfffff]
Jun  2 06:00:01 ip-172-31-3-205 kernel: [    0.000000]  [mem 0x3c000000-0x3fdfffff] page 2M
Jun  2 06:00:01 ip-172-31-3-205 kernel: [    0.000000] init_memory_mapping: [mem 0x00100000-0x3bffffff]
Jun  2 06:00:01 ip-172-31-3-205 kernel: [    0.000000]  [mem 0x00100000-0x001fffff] page 4k
Jun  2 06:00:01 ip-172-31-3-205 kernel: [    0.000000]  [mem 0x00200000-0x3bffffff] page 2M
Jun  2 06:00:01 ip-172-31-3-205 kernel: [    0.000000] RAMDISK: [mem 0x371de000-0x378e6fff]
Jun  2 06:00:01 ip-172-31-3-205 kernel: [    0.000000] ACPI: RSDP 00000000000ea020 000024 (v02    Xen)
Jun  2 06:00:01 ip-172-31-3-205 kernel: [    0.000000] ACPI: XSDT 00000000fc00ddc0 000054 (v01    Xen      HVM 00000000 HVML 00000000)
Jun  2 06:00:01 ip-172-31-3-205 kernel: [    0.000000] ACPI: FACP 00000000fc00da80 0000F4 (v04    Xen      HVM 00000000 HVML 00000000)
Jun  2 06:00:01 ip-172-31-3-205 kernel: [    0.000000] ACPI: DSDT 00000000fc001ce0 00BD19 (v02    Xen      HVM 00000000 INTL 20090123)
Jun  2 06:00:01 ip-172-31-3-205 kernel: [    0.000000] ACPI: FACS 00000000fc001ca0 000040
Jun  2 06:00:01 ip-172-31-3-205 kernel: [    0.000000] ACPI: APIC 00000000fc00db80 0000D8 (v02    Xen      HVM 00000000 HVML 00000000)
Jun  2 06:00:01 ip-172-31-3-205 kernel: [    0.000000] ACPI: HPET 00000000fc00dcd0 000038 (v01    Xen      HVM 00000000 HVML 00000000)
Jun  2 06:00:01 ip-172-31-3-205 kernel: [    0.000000] ACPI: WAET 00000000fc00dd10 000028 (v01    Xen      HVM 00000000 HVML 00000000)
Jun  2 06:00:01 ip-172-31-3-205 kernel: [    0.000000] ACPI: SSDT 00000000fc00dd40 000031 (v02    Xen      HVM 00000000 INTL 20090123)
Jun  2 06:00:01 ip-172-31-3-205 kernel: [    0.000000] ACPI: SSDT 00000000fc00dd80 000031 (v02    Xen      HVM 00000000 INTL 20090123)
Jun  2 06:00:01 ip-172-31-3-205 kernel: [    0.000000] ACPI: Local APIC address 0xfee00000
Jun  2 06:00:01 ip-172-31-3-205 kernel: [    0.000000] No NUMA configuration found
Jun  2 06:00:01 ip-172-31-3-205 kernel: [    0.000000] Faking a node at [mem 0x0000000000000000-0x000000003fffffff]
Jun  2 06:00:01 ip-172-31-3-205 kernel: [    0.000000] Initmem setup node 0 [mem 0x00000000-0x3fffffff]
Jun  2 06:00:01 ip-172-31-3-205 kernel: [    0.000000]   NODE_DATA [mem 0x3fffb000-0x3fffffff]
Jun  2 06:00:01 ip-172-31-3-205 kernel: [    0.000000]  [ffffea0000000000-ffffea0000ffffff] PMD -> [ffff88003e600000-ffff88003f5fffff] on node 0
Jun  2 06:00:01 ip-172-31-3-205 kernel: [    0.000000] Zone ranges:
Jun  2 06:00:01 ip-172-31-3-205 kernel: [    0.000000]   DMA      [mem 0x00001000-0x00ffffff]
Jun  2 06:00:01 ip-172-31-3-205 kernel: [    0.000000]   DMA32    [mem 0x01000000-0xffffffff]
Jun  2 06:00:01 ip-172-31-3-205 kernel: [    0.000000]   Normal   empty
Jun  2 06:00:01 ip-172-31-3-205 kernel: [    0.000000] Movable zone start for each node
Jun  2 06:00:01 ip-172-31-3-205 kernel: [    0.000000] Early memory node ranges
Jun  2 06:00:01 ip-172-31-3-205 kernel: [    0.000000]   node   0: [mem 0x00001000-0x0009dfff]
Jun  2 06:00:01 ip-172-31-3-205 kernel: [    0.000000]   node   0: [mem 0x00100000-0x3fffffff]
Jun  2 06:00:01 ip-172-31-3-205 kernel: [    0.000000] On node 0 totalpages: 262045
Jun  2 06:00:01 ip-172-31-3-205 kernel: [    0.000000]   DMA zone: 64 pages used for memmap
Jun  2 06:00:01 ip-172-31-3-205 kernel: [    0.000000]   DMA zone: 21 pages reserved
Jun  2 06:00:01 ip-172-31-3-205 kernel: [    0.000000]   DMA zone: 3997 pages, LIFO batch:0
Jun  2 06:00:01 ip-172-31-3-205 kernel: [    0.000000]   DMA32 zone: 4032 pages used for memmap
Jun  2 06:00:01 ip-172-31-3-205 kernel: [    0.000000]   DMA32 zone: 258048 pages, LIFO batch:31
Jun  2 06:00:01 ip-172-31-3-205 kernel: [    0.000000] ACPI: PM-Timer IO Port: 0xb008
Jun  2 06:00:01 ip-172-31-3-205 kernel: [    0.000000] ACPI: Local APIC address 0xfee00000
Jun  2 06:00:01 ip-172-31-3-205 kernel: [    0.000000] ACPI: LAPIC (acpi_id[0x00] lapic_id[0x00] enabled)
Jun  2 06:00:01 ip-172-31-3-205 kernel: [    0.000000] ACPI: LAPIC (acpi_id[0x01] lapic_id[0x00] disabled)
Jun  2 06:00:01 ip-172-31-3-205 kernel: [    0.000000] ACPI: LAPIC (acpi_id[0x02] lapic_id[0x00] disabled)
Jun  2 06:00:01 ip-172-31-3-205 kernel: [    0.000000] ACPI: LAPIC (acpi_id[0x03] lapic_id[0x00] disabled)
Jun  2 06:00:01 ip-172-31-3-205 kernel: [    0.000000] ACPI: LAPIC (acpi_id[0x04] lapic_id[0x00] disabled)
Jun  2 06:00:01 ip-172-31-3-205 kernel: [    0.000000] ACPI: LAPIC (acpi_id[0x05] lapic_id[0x00] disabled)
Jun  2 06:00:01 ip-172-31-3-205 kernel: [    0.000000] ACPI: LAPIC (acpi_id[0x06] lapic_id[0x00] disabled)
Jun  2 06:00:01 ip-172-31-3-205 kernel: [    0.000000] ACPI: LAPIC (acpi_id[0x07] lapic_id[0x00] disabled)
Jun  2 06:00:01 ip-172-31-3-205 kernel: [    0.000000] ACPI: LAPIC (acpi_id[0x08] lapic_id[0x00] disabled)
Jun  2 06:00:01 ip-172-31-3-205 kernel: [    0.000000] ACPI: LAPIC (acpi_id[0x09] lapic_id[0x00] disabled)
Jun  2 06:00:01 ip-172-31-3-205 kernel: [    0.000000] ACPI: LAPIC (acpi_id[0x0a] lapic_id[0x00] disabled)
Jun  2 06:00:01 ip-172-31-3-205 kernel: [    0.000000] ACPI: LAPIC (acpi_id[0x0b] lapic_id[0x00] disabled)
Jun  2 06:00:01 ip-172-31-3-205 kernel: [    0.000000] ACPI: LAPIC (acpi_id[0x0c] lapic_id[0x00] disabled)
Jun  2 06:00:01 ip-172-31-3-205 kernel: [    0.000000] ACPI: LAPIC (acpi_id[0x0d] lapic_id[0x00] disabled)
Jun  2 06:00:01 ip-172-31-3-205 kernel: [    0.000000] ACPI: LAPIC (acpi_id[0x0e] lapic_id[0x00] disabled)
Jun  2 06:00:01 ip-172-31-3-205 kernel: [    0.000000] ACPI: IOAPIC (id[0x01] address[0xfec00000] gsi_base[0])
Jun  2 06:00:01 ip-172-31-3-205 kernel: [    0.000000] IOAPIC[0]: apic_id 1, version 17, address 0xfec00000, GSI 0-47
Jun  2 06:00:01 ip-172-31-3-205 kernel: [    0.000000] ACPI: INT_SRC_OVR (bus 0 bus_irq 0 global_irq 2 dfl dfl)
Jun  2 06:00:01 ip-172-31-3-205 kernel: [    0.000000] ACPI: INT_SRC_OVR (bus 0 bus_irq 5 global_irq 5 low level)
Jun  2 06:00:01 ip-172-31-3-205 kernel: [    0.000000] ACPI: INT_SRC_OVR (bus 0 bus_irq 10 global_irq 10 low level)
Jun  2 06:00:01 ip-172-31-3-205 kernel: [    0.000000] ACPI: INT_SRC_OVR (bus 0 bus_irq 11 global_irq 11 low level)
Jun  2 06:00:01 ip-172-31-3-205 kernel: [    0.000000] ACPI: IRQ0 used by override.
Jun  2 06:00:01 ip-172-31-3-205 kernel: [    0.000000] ACPI: IRQ2 used by override.
Jun  2 06:00:01 ip-172-31-3-205 kernel: [    0.000000] ACPI: IRQ5 used by override.
Jun  2 06:00:01 ip-172-31-3-205 kernel: [    0.000000] ACPI: IRQ9 used by override.
Jun  2 06:00:01 ip-172-31-3-205 kernel: [    0.000000] ACPI: IRQ10 used by override.
Jun  2 06:00:01 ip-172-31-3-205 kernel: [    0.000000] ACPI: IRQ11 used by override.
Jun  2 06:00:01 ip-172-31-3-205 kernel: [    0.000000] Using ACPI (MADT) for SMP configuration information
Jun  2 06:00:01 ip-172-31-3-205 kernel: [    0.000000] ACPI: HPET id: 0x8086a201 base: 0xfed00000
Jun  2 06:00:01 ip-172-31-3-205 kernel: [    0.000000] smpboot: Allowing 15 CPUs, 14 hotplug CPUs
Jun  2 06:00:01 ip-172-31-3-205 kernel: [    0.000000] nr_irqs_gsi: 64
Jun  2 06:00:01 ip-172-31-3-205 kernel: [    0.000000] PM: Registered nosave memory: [mem 0x0009e000-0x0009ffff]
Jun  2 06:00:01 ip-172-31-3-205 kernel: [    0.000000] PM: Registered nosave memory: [mem 0x000a0000-0x000dffff]
Jun  2 06:00:01 ip-172-31-3-205 kernel: [    0.000000] PM: Registered nosave memory: [mem 0x000e0000-0x000fffff]
Jun  2 06:00:01 ip-172-31-3-205 kernel: [    0.000000] e820: [mem 0x40000000-0xfbffffff] available for PCI devices
Jun  2 06:00:01 ip-172-31-3-205 kernel: [    0.000000] Booting paravirtualized kernel on Xen HVM
Jun  2 06:00:01 ip-172-31-3-205 kernel: [    0.000000] setup_percpu: NR_CPUS:256 nr_cpumask_bits:256 nr_cpu_ids:15 nr_node_ids:1
Jun  2 06:00:01 ip-172-31-3-205 kernel: [    0.000000] PERCPU: Embedded 27 pages/cpu @ffff88003fc00000 s81536 r8192 d20864 u131072
Jun  2 06:00:01 ip-172-31-3-205 kernel: [    0.000000] pcpu-alloc: s81536 r8192 d20864 u131072 alloc=1*2097152
Jun  2 06:00:01 ip-172-31-3-205 kernel: [    0.000000] pcpu-alloc: [0] 00 01 02 03 04 05 06 07 08 09 10 11 12 13 14 -- 
Jun  2 06:00:01 ip-172-31-3-205 kernel: [    0.000000] xen: PV spinlocks enabled
Jun  2 06:00:01 ip-172-31-3-205 kernel: [    0.000000] Built 1 zonelists in Node order, mobility grouping on.  Total pages: 257928
Jun  2 06:00:01 ip-172-31-3-205 kernel: [    0.000000] Policy zone: DMA32
Jun  2 06:00:01 ip-172-31-3-205 kernel: [    0.000000] Kernel command line: BOOT_IMAGE=/boot/vmlinuz-3.13.0-113-generic root=UUID=ae52628c-3b54-412a-b628-ccc055e4bee3 ro console=tty1 console=ttyS0
Jun  2 06:00:01 ip-172-31-3-205 kernel: [    0.000000] PID hash table entries: 4096 (order: 3, 32768 bytes)
Jun  2 06:00:01 ip-172-31-3-205 kernel: [    0.000000] xsave: enabled xstate_bv 0x7, cntxt size 0x340
Jun  2 06:00:01 ip-172-31-3-205 kernel: [    0.000000] Checking aperture...
Jun  2 06:00:01 ip-172-31-3-205 kernel: [    0.000000] No AGP bridge found
Jun  2 06:00:01 ip-172-31-3-205 kernel: [    0.000000] Calgary: detecting Calgary via BIOS EBDA area
Jun  2 06:00:01 ip-172-31-3-205 kernel: [    0.000000] Calgary: Unable to locate Rio Grande table in EBDA - bailing!
Jun  2 06:00:01 ip-172-31-3-205 kernel: [    0.000000] Memory: 1006320K/1048180K available (7432K kernel code, 1147K rwdata, 3424K rodata, 1340K init, 1448K bss, 41860K reserved)
Jun  2 06:00:01 ip-172-31-3-205 kernel: [    0.000000] SLUB: HWalign=64, Order=0-3, MinObjects=0, CPUs=15, Nodes=1
Jun  2 06:00:01 ip-172-31-3-205 kernel: [    0.000000] Hierarchical RCU implementation.
Jun  2 06:00:01 ip-172-31-3-205 kernel: [    0.000000] 	RCU dyntick-idle grace-period acceleration is enabled.
Jun  2 06:00:01 ip-172-31-3-205 kernel: [    0.000000] 	RCU restricting CPUs from NR_CPUS=256 to nr_cpu_ids=15.
Jun  2 06:00:01 ip-172-31-3-205 kernel: [    0.000000] 	Offload RCU callbacks from all CPUs
Jun  2 06:00:01 ip-172-31-3-205 kernel: [    0.000000] 	Offload RCU callbacks from CPUs: 0-14.
Jun  2 06:00:01 ip-172-31-3-205 kernel: [    0.000000] NR_IRQS:16640 nr_irqs:1208 16
Jun  2 06:00:01 ip-172-31-3-205 kernel: [    0.000000] xen:events: Xen HVM callback vector for event delivery is enabled
Jun  2 06:00:01 ip-172-31-3-205 kernel: [    0.000000] Console: colour VGA+ 80x25
Jun  2 06:00:01 ip-172-31-3-205 kernel: [    0.000000] console [tty1] enabled
Jun  2 06:00:01 ip-172-31-3-205 kernel: [    0.000000] Cannot get hvm parameter CONSOLE_EVTCHN (18): -22!
Jun  2 06:00:01 ip-172-31-3-205 kernel: [    0.000000] console [ttyS0] enabled
Jun  2 06:00:01 ip-172-31-3-205 kernel: [    0.000000] allocated 4194304 bytes of page_cgroup
Jun  2 06:00:01 ip-172-31-3-205 kernel: [    0.000000] please try 'cgroup_disable=memory' option if you don't want memory cgroups
Jun  2 06:00:01 ip-172-31-3-205 kernel: [    0.000000] hpet clockevent registered
Jun  2 06:00:01 ip-172-31-3-205 kernel: [    0.000000] tsc: Detected 2400.060 MHz processor
Jun  2 06:00:01 ip-172-31-3-205 kernel: [    0.008000] Calibrating delay loop (skipped), value calculated using timer frequency.. 4800.12 BogoMIPS (lpj=9600240)
Jun  2 06:00:01 ip-172-31-3-205 kernel: [    0.014225] pid_max: default: 32768 minimum: 301
Jun  2 06:00:01 ip-172-31-3-205 kernel: [    0.016037] Security Framework initialized
Jun  2 06:00:01 ip-172-31-3-205 kernel: [    0.020023] AppArmor: AppArmor initialized
Jun  2 06:00:01 ip-172-31-3-205 kernel: [    0.022986] Yama: becoming mindful.
Jun  2 06:00:01 ip-172-31-3-205 kernel: [    0.024103] Dentry cache hash table entries: 131072 (order: 8, 1048576 bytes)
Jun  2 06:00:01 ip-172-31-3-205 kernel: [    0.028189] Inode-cache hash table entries: 65536 (order: 7, 524288 bytes)
Jun  2 06:00:01 ip-172-31-3-205 kernel: [    0.032084] Mount-cache hash table entries: 2048 (order: 2, 16384 bytes)
Jun  2 06:00:01 ip-172-31-3-205 kernel: [    0.036008] Mountpoint-cache hash table entries: 2048 (order: 2, 16384 bytes)
Jun  2 06:00:01 ip-172-31-3-205 kernel: [    0.040176] Initializing cgroup subsys memory
Jun  2 06:00:01 ip-172-31-3-205 kernel: [    0.044008] Initializing cgroup subsys devices
Jun  2 06:00:01 ip-172-31-3-205 kernel: [    0.048005] Initializing cgroup subsys freezer
Jun  2 06:00:01 ip-172-31-3-205 kernel: [    0.052004] Initializing cgroup subsys blkio
Jun  2 06:00:01 ip-172-31-3-205 kernel: [    0.056007] Initializing cgroup subsys perf_event
Jun  2 06:00:01 ip-172-31-3-205 kernel: [    0.059278] Initializing cgroup subsys hugetlb
Jun  2 06:00:01 ip-172-31-3-205 kernel: [    0.060047] CPU: Physical Processor ID: 0
Jun  2 06:00:01 ip-172-31-3-205 kernel: [    0.064754] mce: CPU supports 2 MCE banks
Jun  2 06:00:01 ip-172-31-3-205 kernel: [    0.068025] Last level iTLB entries: 4KB 0, 2MB 0, 4MB 0
Jun  2 06:00:01 ip-172-31-3-205 kernel: [    0.068025] Last level dTLB entries: 4KB 64, 2MB 0, 4MB 0
Jun  2 06:00:01 ip-172-31-3-205 kernel: [    0.068025] tlb_flushall_shift: 6
Jun  2 06:00:01 ip-172-31-3-205 kernel: [    0.092419] ACPI: Core revision 20131115
Jun  2 06:00:01 ip-172-31-3-205 kernel: [    0.098158] ACPI: All ACPI Tables successfully acquired
Jun  2 06:00:01 ip-172-31-3-205 kernel: [    0.100790] ftrace: allocating 28674 entries in 113 pages
Jun  2 06:00:01 ip-172-31-3-205 kernel: [    0.129367] Switched APIC routing to physical flat.
Jun  2 06:00:01 ip-172-31-3-205 kernel: [    0.136312] ..TIMER: vector=0x30 apic1=0 pin1=2 apic2=0 pin2=0
Jun  2 06:00:01 ip-172-31-3-205 kernel: [    0.183634] smpboot: CPU0: Intel(R) Xeon(R) CPU E5-2676 v3 @ 2.40GHz (fam: 06, model: 3f, stepping: 02)
Jun  2 06:00:01 ip-172-31-3-205 kernel: [    0.189391] Xen: using vcpuop timer interface
Jun  2 06:00:01 ip-172-31-3-205 kernel: [    0.189397] installing Xen timer for CPU 0
Jun  2 06:00:01 ip-172-31-3-205 kernel: [    0.192069] cpu 0 spinlock event irq 69
Jun  2 06:00:01 ip-172-31-3-205 kernel: [    0.199236] Performance Events: unsupported p6 CPU model 63 no PMU driver, software events only.
Jun  2 06:00:01 ip-172-31-3-205 kernel: [    0.205587] x86: Booted up 1 node, 1 CPUs
Jun  2 06:00:01 ip-172-31-3-205 kernel: [    0.208005] smpboot: Total of 1 processors activated (4800.12 BogoMIPS)
Jun  2 06:00:01 ip-172-31-3-205 kernel: [    0.212319] NMI watchdog: disabled (cpu0): hardware events not enabled
Jun  2 06:00:01 ip-172-31-3-205 kernel: [    0.216190] devtmpfs: initialized
Jun  2 06:00:01 ip-172-31-3-205 kernel: [    0.220184] EVM: security.selinux
Jun  2 06:00:01 ip-172-31-3-205 kernel: [    0.222780] EVM: security.SMACK64
Jun  2 06:00:01 ip-172-31-3-205 kernel: [    0.224006] EVM: security.ima
Jun  2 06:00:01 ip-172-31-3-205 kernel: [    0.226672] EVM: security.capability
Jun  2 06:00:01 ip-172-31-3-205 kernel: [    0.228620] pinctrl core: initialized pinctrl subsystem
Jun  2 06:00:01 ip-172-31-3-205 kernel: [    0.232030] regulator-dummy: no parameters
Jun  2 06:00:01 ip-172-31-3-205 kernel: [    0.234886] RTC time:  5:59:51, date: 06/02/17
Jun  2 06:00:01 ip-172-31-3-205 kernel: [    0.236037] NET: Registered protocol family 16
Jun  2 06:00:01 ip-172-31-3-205 kernel: [    0.239321] cpuidle: using governor ladder
Jun  2 06:00:01 ip-172-31-3-205 kernel: [    0.240007] cpuidle: using governor menu
Jun  2 06:00:01 ip-172-31-3-205 kernel: [    0.242901] ACPI: bus type PCI registered
Jun  2 06:00:01 ip-172-31-3-205 kernel: [    0.244006] acpiphp: ACPI Hot Plug PCI Controller Driver version: 0.5
Jun  2 06:00:01 ip-172-31-3-205 kernel: [    0.248295] PCI: Using configuration type 1 for base access
Jun  2 06:00:01 ip-172-31-3-205 kernel: [    0.252578] bio: create slab <bio-0> at 0
Jun  2 06:00:01 ip-172-31-3-205 kernel: [    0.255734] ACPI: Added _OSI(Module Device)
Jun  2 06:00:01 ip-172-31-3-205 kernel: [    0.256006] ACPI: Added _OSI(Processor Device)
Jun  2 06:00:01 ip-172-31-3-205 kernel: [    0.259214] ACPI: Added _OSI(3.0 _SCP Extensions)
Jun  2 06:00:01 ip-172-31-3-205 kernel: [    0.260006] ACPI: Added _OSI(Processor Aggregator Device)
Jun  2 06:00:01 ip-172-31-3-205 kernel: [    0.266841] ACPI: Interpreter enabled
Jun  2 06:00:01 ip-172-31-3-205 kernel: [    0.268009] ACPI Exception: AE_NOT_FOUND, While evaluating Sleep State [\_S1_] (20131115/hwxface-580)
Jun  2 06:00:01 ip-172-31-3-205 kernel: [    0.273850] ACPI Exception: AE_NOT_FOUND, While evaluating Sleep State [\_S2_] (20131115/hwxface-580)
Jun  2 06:00:01 ip-172-31-3-205 kernel: [    0.280015] ACPI: (supports S0 S3 S4 S5)
Jun  2 06:00:01 ip-172-31-3-205 kernel: [    0.282774] ACPI: Using IOAPIC for interrupt routing
Jun  2 06:00:01 ip-172-31-3-205 kernel: [    0.284033] PCI: Using host bridge windows from ACPI; if necessary, use "pci=nocrs" and report a bug
Jun  2 06:00:01 ip-172-31-3-205 kernel: [    0.307663] ACPI: No dock devices found.
Jun  2 06:00:01 ip-172-31-3-205 kernel: [    0.346018] ACPI: PCI Root Bridge [PCI0] (domain 0000 [bus 00-ff])
Jun  2 06:00:01 ip-172-31-3-205 kernel: [    0.348012] acpi PNP0A03:00: _OSC: OS supports [ASPM ClockPM Segments MSI]
Jun  2 06:00:01 ip-172-31-3-205 kernel: [    0.352011] acpi PNP0A03:00: _OSC failed (AE_NOT_FOUND); disabling ASPM
Jun  2 06:00:01 ip-172-31-3-205 kernel: [    0.356165] acpi PNP0A03:00: fail to add MMCONFIG information, can't access extended PCI configuration space under this bridge.
Jun  2 06:00:01 ip-172-31-3-205 kernel: [    0.360672] acpiphp: Slot [0] registered
Jun  2 06:00:01 ip-172-31-3-205 kernel: [    0.364478] acpiphp: Slot [3] registered
Jun  2 06:00:01 ip-172-31-3-205 kernel: [    0.367781] acpiphp: Slot [4] registered
Jun  2 06:00:01 ip-172-31-3-205 kernel: [    0.368317] acpiphp: Slot [5] registered
Jun  2 06:00:01 ip-172-31-3-205 kernel: [    0.371543] acpiphp: Slot [6] registered
Jun  2 06:00:01 ip-172-31-3-205 kernel: [    0.372309] acpiphp: Slot [7] registered
Jun  2 06:00:01 ip-172-31-3-205 kernel: [    0.375491] acpiphp: Slot [8] registered
Jun  2 06:00:01 ip-172-31-3-205 kernel: [    0.376305] acpiphp: Slot [9] registered
Jun  2 06:00:01 ip-172-31-3-205 kernel: [    0.379495] acpiphp: Slot [10] registered
Jun  2 06:00:01 ip-172-31-3-205 kernel: [    0.380317] acpiphp: Slot [11] registered
Jun  2 06:00:01 ip-172-31-3-205 kernel: [    0.383557] acpiphp: Slot [12] registered
Jun  2 06:00:01 ip-172-31-3-205 kernel: [    0.384288] acpiphp: Slot [13] registered
Jun  2 06:00:01 ip-172-31-3-205 kernel: [    0.387277] acpiphp: Slot [14] registered
Jun  2 06:00:01 ip-172-31-3-205 kernel: [    0.388278] acpiphp: Slot [15] registered
Jun  2 06:00:01 ip-172-31-3-205 kernel: [    0.391394] acpiphp: Slot [16] registered
Jun  2 06:00:01 ip-172-31-3-205 kernel: [    0.392307] acpiphp: Slot [17] registered
Jun  2 06:00:01 ip-172-31-3-205 kernel: [    0.395448] acpiphp: Slot [18] registered
Jun  2 06:00:01 ip-172-31-3-205 kernel: [    0.396320] acpiphp: Slot [19] registered
Jun  2 06:00:01 ip-172-31-3-205 kernel: [    0.399677] acpiphp: Slot [20] registered
Jun  2 06:00:01 ip-172-31-3-205 kernel: [    0.400273] acpiphp: Slot [21] registered
Jun  2 06:00:01 ip-172-31-3-205 kernel: [    0.403547] acpiphp: Slot [22] registered
Jun  2 06:00:01 ip-172-31-3-205 kernel: [    0.404346] acpiphp: Slot [23] registered
Jun  2 06:00:01 ip-172-31-3-205 kernel: [    0.407744] acpiphp: Slot [24] registered
Jun  2 06:00:01 ip-172-31-3-205 kernel: [    0.408544] acpiphp: Slot [25] registered
Jun  2 06:00:01 ip-172-31-3-205 kernel: [    0.411902] acpiphp: Slot [26] registered
Jun  2 06:00:01 ip-172-31-3-205 kernel: [    0.412298] acpiphp: Slot [27] registered
Jun  2 06:00:01 ip-172-31-3-205 kernel: [    0.415534] acpiphp: Slot [28] registered
Jun  2 06:00:01 ip-172-31-3-205 kernel: [    0.416312] acpiphp: Slot [29] registered
Jun  2 06:00:01 ip-172-31-3-205 kernel: [    0.419516] acpiphp: Slot [30] registered
Jun  2 06:00:01 ip-172-31-3-205 kernel: [    0.420322] acpiphp: Slot [31] registered
Jun  2 06:00:01 ip-172-31-3-205 kernel: [    0.423599] PCI host bridge to bus 0000:00
Jun  2 06:00:01 ip-172-31-3-205 kernel: [    0.424007] pci_bus 0000:00: root bus resource [bus 00-ff]
Jun  2 06:00:01 ip-172-31-3-205 kernel: [    0.427520] pci_bus 0000:00: root bus resource [io  0x0000-0x0cf7]
Jun  2 06:00:01 ip-172-31-3-205 kernel: [    0.428005] pci_bus 0000:00: root bus resource [io  0x0d00-0xffff]
Jun  2 06:00:01 ip-172-31-3-205 kernel: [    0.431789] pci_bus 0000:00: root bus resource [mem 0x000a0000-0x000bffff]
Jun  2 06:00:01 ip-172-31-3-205 kernel: [    0.432007] pci_bus 0000:00: root bus resource [mem 0xf0000000-0xfbffffff]
Jun  2 06:00:01 ip-172-31-3-205 kernel: [    0.436160] pci 0000:00:00.0: [8086:1237] type 00 class 0x060000
Jun  2 06:00:01 ip-172-31-3-205 kernel: [    0.437657] pci 0000:00:01.0: [8086:7000] type 00 class 0x060100
Jun  2 06:00:01 ip-172-31-3-205 kernel: [    0.439912] pci 0000:00:01.1: [8086:7010] type 00 class 0x010180
Jun  2 06:00:01 ip-172-31-3-205 kernel: [    0.441032] pci 0000:00:01.1: reg 0x20: [io  0xc100-0xc10f]
Jun  2 06:00:01 ip-172-31-3-205 kernel: [    0.442199] pci 0000:00:01.3: [8086:7113] type 00 class 0x068000
Jun  2 06:00:01 ip-172-31-3-205 kernel: [    0.442235] * Found PM-Timer Bug on the chipset. Due to workarounds for a bug,
Jun  2 06:00:01 ip-172-31-3-205 kernel: [    0.442235] * this clock source is slow. Consider trying other clock sources
Jun  2 06:00:01 ip-172-31-3-205 kernel: [    0.445174] pci 0000:00:01.3: quirk: [io  0xb000-0xb03f] claimed by PIIX4 ACPI
Jun  2 06:00:01 ip-172-31-3-205 kernel: [    0.448848] pci 0000:00:02.0: [1013:00b8] type 00 class 0x030000
Jun  2 06:00:01 ip-172-31-3-205 kernel: [    0.449130] pci 0000:00:02.0: reg 0x10: [mem 0xf0000000-0xf1ffffff pref]
Jun  2 06:00:01 ip-172-31-3-205 kernel: [    0.449351] pci 0000:00:02.0: reg 0x14: [mem 0xf3000000-0xf3000fff]
Jun  2 06:00:01 ip-172-31-3-205 kernel: [    0.451158] pci 0000:00:03.0: [5853:0001] type 00 class 0xff8000
Jun  2 06:00:01 ip-172-31-3-205 kernel: [    0.451484] pci 0000:00:03.0: reg 0x10: [io  0xc000-0xc0ff]
Jun  2 06:00:01 ip-172-31-3-205 kernel: [    0.451715] pci 0000:00:03.0: reg 0x14: [mem 0xf2000000-0xf2ffffff pref]
Jun  2 06:00:01 ip-172-31-3-205 kernel: [    0.454221] ACPI: PCI Interrupt Link [LNKA] (IRQs *5 10 11)
Jun  2 06:00:01 ip-172-31-3-205 kernel: [    0.459258] ACPI: PCI Interrupt Link [LNKB] (IRQs 5 *10 11)
Jun  2 06:00:01 ip-172-31-3-205 kernel: [    0.463163] ACPI: PCI Interrupt Link [LNKC] (IRQs 5 10 *11)
Jun  2 06:00:01 ip-172-31-3-205 kernel: [    0.467184] ACPI: PCI Interrupt Link [LNKD] (IRQs *5 10 11)
Jun  2 06:00:01 ip-172-31-3-205 kernel: [    0.486694] ACPI: Enabled 2 GPEs in block 00 to 0F
Jun  2 06:00:01 ip-172-31-3-205 kernel: [    0.488010] ACPI: \_SB_.PCI0: notify handler is installed
Jun  2 06:00:01 ip-172-31-3-205 kernel: [    0.488071] Found 1 acpi root devices
Jun  2 06:00:01 ip-172-31-3-205 kernel: [    0.488097] xen:balloon: Initialising balloon driver
Jun  2 06:00:01 ip-172-31-3-205 kernel: [    0.492032] xen_balloon: Initialising balloon driver
Jun  2 06:00:01 ip-172-31-3-205 kernel: [    0.496292] vgaarb: setting as boot device: PCI:0000:00:02.0
Jun  2 06:00:01 ip-172-31-3-205 kernel: [    0.499914] vgaarb: device added: PCI:0000:00:02.0,decodes=io+mem,owns=io+mem,locks=none
Jun  2 06:00:01 ip-172-31-3-205 kernel: [    0.500008] vgaarb: loaded
Jun  2 06:00:01 ip-172-31-3-205 kernel: [    0.502330] vgaarb: bridge control possible 0000:00:02.0
Jun  2 06:00:01 ip-172-31-3-205 kernel: [    0.504037] init_memory_mapping: [mem 0x40000000-0x47ffffff]
Jun  2 06:00:01 ip-172-31-3-205 kernel: [    0.508006]  [mem 0x40000000-0x47ffffff] page 2M
Jun  2 06:00:01 ip-172-31-3-205 kernel: [    0.508154] SCSI subsystem initialized
Jun  2 06:00:01 ip-172-31-3-205 kernel: [    0.511800] libata version 3.00 loaded.
Jun  2 06:00:01 ip-172-31-3-205 kernel: [    0.511819] ACPI: bus type USB registered
Jun  2 06:00:01 ip-172-31-3-205 kernel: [    0.512029] usbcore: registered new interface driver usbfs
Jun  2 06:00:01 ip-172-31-3-205 kernel: [    0.516000] usbcore: registered new interface driver hub
Jun  2 06:00:01 ip-172-31-3-205 kernel: [    0.516028] usbcore: registered new device driver usb
Jun  2 06:00:01 ip-172-31-3-205 kernel: [    0.519718] PCI: Using ACPI for IRQ routing
Jun  2 06:00:01 ip-172-31-3-205 kernel: [    0.520006] PCI: pci_cache_line_size set to 64 bytes
Jun  2 06:00:01 ip-172-31-3-205 kernel: [    0.520376] e820: reserve RAM buffer [mem 0x0009e000-0x0009ffff]
Jun  2 06:00:01 ip-172-31-3-205 kernel: [    0.520453] NetLabel: Initializing
Jun  2 06:00:01 ip-172-31-3-205 kernel: [    0.522889] NetLabel:  domain hash size = 128
Jun  2 06:00:01 ip-172-31-3-205 kernel: [    0.524005] NetLabel:  protocols = UNLABELED CIPSOv4
Jun  2 06:00:01 ip-172-31-3-205 kernel: [    0.527178] NetLabel:  unlabeled traffic allowed by default
Jun  2 06:00:01 ip-172-31-3-205 kernel: [    0.528060] HPET: 3 timers in total, 0 timers will be used for per-cpu timer
Jun  2 06:00:01 ip-172-31-3-205 kernel: [    0.532027] hpet0: at MMIO 0xfed00000, IRQs 2, 8, 0
Jun  2 06:00:01 ip-172-31-3-205 kernel: [    0.536856] hpet0: 3 comparators, 64-bit 62.500000 MHz counter
Jun  2 06:00:01 ip-172-31-3-205 kernel: [    0.543074] Switched to clocksource xen
Jun  2 06:00:01 ip-172-31-3-205 kernel: [    0.546049] AppArmor: AppArmor Filesystem Enabled
Jun  2 06:00:01 ip-172-31-3-205 kernel: [    0.549337] pnp: PnP ACPI init
Jun  2 06:00:01 ip-172-31-3-205 kernel: [    0.551812] ACPI: bus type PNP registered
Jun  2 06:00:01 ip-172-31-3-205 kernel: [    0.554908] system 00:00: [mem 0x00000000-0x0009ffff] could not be reserved
Jun  2 06:00:01 ip-172-31-3-205 kernel: [    0.559466] system 00:00: Plug and Play ACPI device, IDs PNP0c02 (active)
Jun  2 06:00:01 ip-172-31-3-205 kernel: [    0.559523] pnp 00:01: Plug and Play ACPI device, IDs PNP0103 (active)
Jun  2 06:00:01 ip-172-31-3-205 kernel: [    0.559555] system 00:02: [io  0x08a0-0x08a3] has been reserved
Jun  2 06:00:01 ip-172-31-3-205 kernel: [    0.563652] system 00:02: [io  0x0cc0-0x0ccf] has been reserved
Jun  2 06:00:01 ip-172-31-3-205 kernel: [    0.567688] system 00:02: [io  0x04d0-0x04d1] has been reserved
Jun  2 06:00:01 ip-172-31-3-205 kernel: [    0.571639] system 00:02: Plug and Play ACPI device, IDs PNP0c02 (active)
Jun  2 06:00:01 ip-172-31-3-205 kernel: [    0.571653] pnp 00:03: [dma 4]
Jun  2 06:00:01 ip-172-31-3-205 kernel: [    0.571671] pnp 00:03: Plug and Play ACPI device, IDs PNP0200 (active)
Jun  2 06:00:01 ip-172-31-3-205 kernel: [    0.571690] xen: --> pirq=16 -> irq=8 (gsi=8)
Jun  2 06:00:01 ip-172-31-3-205 kernel: [    0.571704] pnp 00:04: Plug and Play ACPI device, IDs PNP0b00 (active)
Jun  2 06:00:01 ip-172-31-3-205 kernel: [    0.571716] pnp 00:05: Plug and Play ACPI device, IDs PNP0800 (active)
Jun  2 06:00:01 ip-172-31-3-205 kernel: [    0.571733] xen: --> pirq=17 -> irq=12 (gsi=12)
Jun  2 06:00:01 ip-172-31-3-205 kernel: [    0.571744] pnp 00:06: Plug and Play ACPI device, IDs PNP0f13 (active)
Jun  2 06:00:01 ip-172-31-3-205 kernel: [    0.571757] xen: --> pirq=18 -> irq=1 (gsi=1)
Jun  2 06:00:01 ip-172-31-3-205 kernel: [    0.571766] pnp 00:07: Plug and Play ACPI device, IDs PNP0303 PNP030b (active)
Jun  2 06:00:01 ip-172-31-3-205 kernel: [    0.571778] xen: --> pirq=19 -> irq=6 (gsi=6)
Jun  2 06:00:01 ip-172-31-3-205 kernel: [    0.571780] pnp 00:08: [dma 2]
Jun  2 06:00:01 ip-172-31-3-205 kernel: [    0.571790] pnp 00:08: Plug and Play ACPI device, IDs PNP0700 (active)
Jun  2 06:00:01 ip-172-31-3-205 kernel: [    0.571809] xen: --> pirq=20 -> irq=4 (gsi=4)
Jun  2 06:00:01 ip-172-31-3-205 kernel: [    0.571818] pnp 00:09: Plug and Play ACPI device, IDs PNP0501 (active)
Jun  2 06:00:01 ip-172-31-3-205 kernel: [    0.571853] system 00:0a: [io  0x10c0-0x1141] has been reserved
Jun  2 06:00:01 ip-172-31-3-205 kernel: [    0.575944] system 00:0a: [io  0xb044-0xb047] has been reserved
Jun  2 06:00:01 ip-172-31-3-205 kernel: [    0.580040] system 00:0a: Plug and Play ACPI device, IDs PNP0c02 (active)
Jun  2 06:00:01 ip-172-31-3-205 kernel: [    0.596260] pnp: PnP ACPI: found 11 devices
Jun  2 06:00:01 ip-172-31-3-205 kernel: [    0.599173] ACPI: bus type PNP unregistered
Jun  2 06:00:01 ip-172-31-3-205 kernel: [    0.607195] pci_bus 0000:00: resource 4 [io  0x0000-0x0cf7]
Jun  2 06:00:01 ip-172-31-3-205 kernel: [    0.607198] pci_bus 0000:00: resource 5 [io  0x0d00-0xffff]
Jun  2 06:00:01 ip-172-31-3-205 kernel: [    0.607199] pci_bus 0000:00: resource 6 [mem 0x000a0000-0x000bffff]
Jun  2 06:00:01 ip-172-31-3-205 kernel: [    0.607201] pci_bus 0000:00: resource 7 [mem 0xf0000000-0xfbffffff]
Jun  2 06:00:01 ip-172-31-3-205 kernel: [    0.607228] NET: Registered protocol family 2
Jun  2 06:00:01 ip-172-31-3-205 kernel: [    0.610572] TCP established hash table entries: 8192 (order: 4, 65536 bytes)
Jun  2 06:00:01 ip-172-31-3-205 kernel: [    0.615507] TCP bind hash table entries: 8192 (order: 5, 131072 bytes)
Jun  2 06:00:01 ip-172-31-3-205 kernel: [    0.619587] TCP: Hash tables configured (established 8192 bind 8192)
Jun  2 06:00:01 ip-172-31-3-205 kernel: [    0.623866] TCP: reno registered
Jun  2 06:00:01 ip-172-31-3-205 kernel: [    0.626395] UDP hash table entries: 512 (order: 2, 16384 bytes)
Jun  2 06:00:01 ip-172-31-3-205 kernel: [    0.631073] UDP-Lite hash table entries: 512 (order: 2, 16384 bytes)
Jun  2 06:00:01 ip-172-31-3-205 kernel: [    0.635572] NET: Registered protocol family 1
Jun  2 06:00:01 ip-172-31-3-205 kernel: [    0.639018] pci 0000:00:00.0: Limiting direct PCI/PCI transfers
Jun  2 06:00:01 ip-172-31-3-205 kernel: [    0.643377] pci 0000:00:01.0: PIIX3: Enabling Passive Release
Jun  2 06:00:01 ip-172-31-3-205 kernel: [    0.647520] pci 0000:00:01.0: Activating ISA DMA hang workarounds
Jun  2 06:00:01 ip-172-31-3-205 kernel: [    0.651646] pci 0000:00:02.0: Video device with shadowed ROM
Jun  2 06:00:01 ip-172-31-3-205 kernel: [    0.651714] PCI: CLS 0 bytes, default 64
Jun  2 06:00:01 ip-172-31-3-205 kernel: [    0.651778] Trying to unpack rootfs image as initramfs...
Jun  2 06:00:01 ip-172-31-3-205 kernel: [    0.754657] Freeing initrd memory: 7204K (ffff8800371de000 - ffff8800378e7000)
Jun  2 06:00:01 ip-172-31-3-205 kernel: [    0.760088] microcode: CPU0 sig=0x306f2, pf=0x1, revision=0x25
Jun  2 06:00:01 ip-172-31-3-205 kernel: [    0.764225] microcode: Microcode Update Driver: v2.00 <tigran@aivazian.fsnet.co.uk>, Peter Oruba
Jun  2 06:00:01 ip-172-31-3-205 kernel: [    0.770135] Scanning for low memory corruption every 60 seconds
Jun  2 06:00:01 ip-172-31-3-205 kernel: [    0.774507] Initialise system trusted keyring
Jun  2 06:00:01 ip-172-31-3-205 kernel: [    0.777990] audit: initializing netlink socket (disabled)
Jun  2 06:00:01 ip-172-31-3-205 kernel: [    0.781533] type=2000 audit(1496383192.231:1): initialized
Jun  2 06:00:01 ip-172-31-3-205 kernel: [    0.806468] HugeTLB registered 2 MB page size, pre-allocated 0 pages
Jun  2 06:00:01 ip-172-31-3-205 kernel: [    0.811273] zbud: loaded
Jun  2 06:00:01 ip-172-31-3-205 kernel: [    0.813500] VFS: Disk quotas dquot_6.5.2
Jun  2 06:00:01 ip-172-31-3-205 kernel: [    0.816504] Dquot-cache hash table entries: 512 (order 0, 4096 bytes)
Jun  2 06:00:01 ip-172-31-3-205 kernel: [    0.821256] fuse init (API version 7.22)
Jun  2 06:00:01 ip-172-31-3-205 kernel: [    0.824368] msgmni has been set to 1979
Jun  2 06:00:01 ip-172-31-3-205 kernel: [    0.827716] Key type big_key registered
Jun  2 06:00:01 ip-172-31-3-205 kernel: [    0.830635] Key type asymmetric registered
Jun  2 06:00:01 ip-172-31-3-205 kernel: [    0.833490] Asymmetric key parser 'x509' registered
Jun  2 06:00:01 ip-172-31-3-205 kernel: [    0.837050] Block layer SCSI generic (bsg) driver version 0.4 loaded (major 252)
Jun  2 06:00:01 ip-172-31-3-205 kernel: [    0.842124] io scheduler noop registered
Jun  2 06:00:01 ip-172-31-3-205 kernel: [    0.845017] io scheduler deadline registered (default)
Jun  2 06:00:01 ip-172-31-3-205 kernel: [    0.848653] io scheduler cfq registered
Jun  2 06:00:01 ip-172-31-3-205 kernel: [    0.851370] pci_hotplug: PCI Hot Plug PCI Core version: 0.5
Jun  2 06:00:01 ip-172-31-3-205 kernel: [    0.854942] pciehp: PCI Express Hot Plug Controller Driver version: 0.4
Jun  2 06:00:01 ip-172-31-3-205 kernel: [    0.859035] intel_idle: does not run on family 6 model 63
Jun  2 06:00:01 ip-172-31-3-205 kernel: [    0.859039] ipmi message handler version 39.2
Jun  2 06:00:01 ip-172-31-3-205 kernel: [    0.862123] input: Power Button as /devices/LNXSYSTM:00/LNXPWRBN:00/input/input0
Jun  2 06:00:01 ip-172-31-3-205 kernel: [    0.867067] ACPI: Power Button [PWRF]
Jun  2 06:00:01 ip-172-31-3-205 kernel: [    0.869731] input: Sleep Button as /devices/LNXSYSTM:00/LNXSLPBN:00/input/input1
Jun  2 06:00:01 ip-172-31-3-205 kernel: [    0.874569] ACPI: Sleep Button [SLPF]
Jun  2 06:00:01 ip-172-31-3-205 kernel: [    0.877457] GHES: HEST is not enabled!
Jun  2 06:00:01 ip-172-31-3-205 kernel: [    0.880403] xen: --> pirq=21 -> irq=28 (gsi=28)
Jun  2 06:00:01 ip-172-31-3-205 kernel: [    0.880480] xen:grant_table: Grant tables using version 1 layout
Jun  2 06:00:01 ip-172-31-3-205 kernel: [    0.884347] Grant table initialized
Jun  2 06:00:01 ip-172-31-3-205 kernel: [    0.886946] Cannot get hvm parameter CONSOLE_EVTCHN (18): -22!
Jun  2 06:00:01 ip-172-31-3-205 kernel: [    0.890747] Serial: 8250/16550 driver, 32 ports, IRQ sharing enabled
Jun  2 06:00:01 ip-172-31-3-205 kernel: [    0.922306] 00:09: ttyS0 at I/O 0x3f8 (irq = 4, base_baud = 115200) is a 16550A
Jun  2 06:00:01 ip-172-31-3-205 kernel: [    0.927922] Linux agpgart interface v0.103
Jun  2 06:00:01 ip-172-31-3-205 kernel: [    0.931536] brd: module loaded
Jun  2 06:00:01 ip-172-31-3-205 kernel: [    0.934304] loop: module loaded
Jun  2 06:00:01 ip-172-31-3-205 kernel: [    0.941881] ata_piix 0000:00:01.1: version 2.13
Jun  2 06:00:01 ip-172-31-3-205 kernel: [    0.943001] scsi0 : ata_piix
Jun  2 06:00:01 ip-172-31-3-205 kernel: [    0.945391] scsi1 : ata_piix
Jun  2 06:00:01 ip-172-31-3-205 kernel: [    0.947730] ata1: PATA max MWDMA2 cmd 0x1f0 ctl 0x3f6 bmdma 0xc100 irq 14
Jun  2 06:00:01 ip-172-31-3-205 kernel: [    0.953501] ata2: PATA max MWDMA2 cmd 0x170 ctl 0x376 bmdma 0xc108 irq 15
Jun  2 06:00:01 ip-172-31-3-205 kernel: [    0.959377] libphy: Fixed MDIO Bus: probed
Jun  2 06:00:01 ip-172-31-3-205 kernel: [    0.963266] tun: Universal TUN/TAP device driver, 1.6
Jun  2 06:00:01 ip-172-31-3-205 kernel: [    0.966914] tun: (C) 1999-2004 Max Krasnyansky <maxk@qualcomm.com>
Jun  2 06:00:01 ip-172-31-3-205 kernel: [    0.971017] PPP generic driver version 2.4.2
Jun  2 06:00:01 ip-172-31-3-205 kernel: [    0.974269] xen_netfront: Initialising Xen virtual ethernet driver
Jun  2 06:00:01 ip-172-31-3-205 kernel: [    0.979119] blkfront: xvda: barrier or flush: disabled; persistent grants: disabled; indirect descriptors: enabled;
Jun  2 06:00:01 ip-172-31-3-205 kernel: [    0.986699] ehci_hcd: USB 2.0 'Enhanced' Host Controller (EHCI) Driver
Jun  2 06:00:01 ip-172-31-3-205 kernel: [    0.991145] ehci-pci: EHCI PCI platform driver
Jun  2 06:00:01 ip-172-31-3-205 kernel: [    0.994913] ehci-platform: EHCI generic platform driver
Jun  2 06:00:01 ip-172-31-3-205 kernel: [    0.998547] ohci_hcd: USB 1.1 'Open' Host Controller (OHCI) Driver
Jun  2 06:00:01 ip-172-31-3-205 kernel: [    1.002574] ohci-pci: OHCI PCI platform driver
Jun  2 06:00:01 ip-172-31-3-205 kernel: [    1.005578] ohci-platform: OHCI generic platform driver
Jun  2 06:00:01 ip-172-31-3-205 kernel: [    1.010200] uhci_hcd: USB Universal Host Controller Interface driver
Jun  2 06:00:01 ip-172-31-3-205 kernel: [    1.014565]  xvda: xvda1
Jun  2 06:00:01 ip-172-31-3-205 kernel: [    1.016910] i8042: PNP: PS/2 Controller [PNP0303:PS2K,PNP0f13:PS2M] at 0x60,0x64 irq 1,12
Jun  2 06:00:01 ip-172-31-3-205 kernel: [    1.025780] serio: i8042 KBD port at 0x60,0x64 irq 1
Jun  2 06:00:01 ip-172-31-3-205 kernel: [    1.029125] serio: i8042 AUX port at 0x60,0x64 irq 12
Jun  2 06:00:01 ip-172-31-3-205 kernel: [    1.032700] mousedev: PS/2 mouse device common for all mice
Jun  2 06:00:01 ip-172-31-3-205 kernel: [    1.037570] input: AT Translated Set 2 keyboard as /devices/platform/i8042/serio0/input/input2
Jun  2 06:00:01 ip-172-31-3-205 kernel: [    1.043395] rtc_cmos 00:04: rtc core: registered rtc_cmos as rtc0
Jun  2 06:00:01 ip-172-31-3-205 kernel: [    1.048592] rtc_cmos 00:04: alarms up to one day, 114 bytes nvram, hpet irqs
Jun  2 06:00:01 ip-172-31-3-205 kernel: [    1.053524] device-mapper: uevent: version 1.0.3
Jun  2 06:00:01 ip-172-31-3-205 kernel: [    1.057264] device-mapper: ioctl: 4.27.0-ioctl (2013-10-30) initialised: dm-devel@redhat.com
Jun  2 06:00:01 ip-172-31-3-205 kernel: [    1.066596] ledtrig-cpu: registered to indicate activity on CPUs
Jun  2 06:00:01 ip-172-31-3-205 kernel: [    1.070905] TCP: cubic registered
Jun  2 06:00:01 ip-172-31-3-205 kernel: [    1.073866] NET: Registered protocol family 10
Jun  2 06:00:01 ip-172-31-3-205 kernel: [    1.078127] NET: Registered protocol family 17
Jun  2 06:00:01 ip-172-31-3-205 kernel: [    1.083159] Key type dns_resolver registered
Jun  2 06:00:01 ip-172-31-3-205 kernel: [    1.086833] Loading compiled-in X.509 certificates
Jun  2 06:00:01 ip-172-31-3-205 kernel: [    1.091146] Loaded X.509 cert 'Magrathea: Glacier signing key: cd95cd6727464edaed59698c9f6a954adc8bdbde'
Jun  2 06:00:01 ip-172-31-3-205 kernel: [    1.097130] registered taskstats version 1
Jun  2 06:00:01 ip-172-31-3-205 kernel: [    1.101493] Key type trusted registered
Jun  2 06:00:01 ip-172-31-3-205 kernel: [    1.106189] Key type encrypted registered
Jun  2 06:00:01 ip-172-31-3-205 kernel: [    1.109045] AppArmor: AppArmor sha1 policy hashing enabled
Jun  2 06:00:01 ip-172-31-3-205 kernel: [    1.112520] IMA: No TPM chip found, activating TPM-bypass!
Jun  2 06:00:01 ip-172-31-3-205 kernel: [    1.117622] regulator-dummy: disabling
Jun  2 06:00:01 ip-172-31-3-205 kernel: [    1.120237]   Magic number: 5:120:971
Jun  2 06:00:01 ip-172-31-3-205 kernel: [    1.122850] rtc_cmos 00:04: setting system clock to 2017-06-02 05:59:52 UTC (1496383192)
Jun  2 06:00:01 ip-172-31-3-205 kernel: [    1.128372] BIOS EDD facility v0.16 2004-Jun-25, 0 devices found
Jun  2 06:00:01 ip-172-31-3-205 kernel: [    1.132170] EDD information not available.
Jun  2 06:00:01 ip-172-31-3-205 kernel: [    1.135103] PM: Hibernation image not present or could not be loaded.
Jun  2 06:00:01 ip-172-31-3-205 kernel: [    1.136534] Freeing unused kernel memory: 1340K (ffffffff81d20000 - ffffffff81e6f000)
Jun  2 06:00:01 ip-172-31-3-205 kernel: [    1.142424] Write protecting the kernel read-only data: 12288k
Jun  2 06:00:01 ip-172-31-3-205 kernel: [    1.146724] Freeing unused kernel memory: 748K (ffff880001745000 - ffff880001800000)
Jun  2 06:00:01 ip-172-31-3-205 kernel: [    1.153995] Freeing unused kernel memory: 672K (ffff880001b58000 - ffff880001c00000)
Jun  2 06:00:01 ip-172-31-3-205 kernel: [    1.172188] systemd-udevd[128]: starting version 204
Jun  2 06:00:01 ip-172-31-3-205 kernel: [    1.206152] FDC 0 is a S82078B
Jun  2 06:00:01 ip-172-31-3-205 kernel: [    1.756133] tsc: Refined TSC clocksource calibration: 2400.001 MHz
Jun  2 06:00:01 ip-172-31-3-205 kernel: [    2.247773] input: ImExPS/2 Generic Explorer Mouse as /devices/platform/i8042/serio1/input/input4
Jun  2 06:00:01 ip-172-31-3-205 kernel: [    2.772600] EXT4-fs (xvda1): mounted filesystem with ordered data mode. Opts: (null)
Jun  2 06:00:01 ip-172-31-3-205 kernel: [    3.443125] random: init urandom read with 93 bits of entropy available
Jun  2 06:00:01 ip-172-31-3-205 kernel: [    3.750344] EXT4-fs (xvda1): re-mounted. Opts: discard
Jun  2 06:00:01 ip-172-31-3-205 kernel: [    3.936770] random: nonblocking pool is initialized
Jun  2 06:00:01 ip-172-31-3-205 kernel: [    5.645096] systemd-udevd[413]: starting version 204
Jun  2 06:00:01 ip-172-31-3-205 kernel: [    6.341641] type=1400 audit(1496383197.713:2): apparmor="STATUS" operation="profile_load" profile="unconfined" name="/sbin/dhclient" pid=458 comm="apparmor_parser"
Jun  2 06:00:01 ip-172-31-3-205 kernel: [    6.341816] type=1400 audit(1496383197.713:3): apparmor="STATUS" operation="profile_load" profile="unconfined" name="/usr/lib/NetworkManager/nm-dhcp-client.action" pid=458 comm="apparmor_parser"
Jun  2 06:00:01 ip-172-31-3-205 kernel: [    6.341984] type=1400 audit(1496383197.713:4): apparmor="STATUS" operation="profile_load" profile="unconfined" name="/usr/lib/connman/scripts/dhclient-script" pid=458 comm="apparmor_parser"
Jun  2 06:00:01 ip-172-31-3-205 kernel: [    6.344290] type=1400 audit(1496383197.717:5): apparmor="STATUS" operation="profile_replace" profile="unconfined" name="/sbin/dhclient" pid=453 comm="apparmor_parser"
Jun  2 06:00:01 ip-172-31-3-205 kernel: [    6.344467] type=1400 audit(1496383197.717:6): apparmor="STATUS" operation="profile_replace" profile="unconfined" name="/usr/lib/NetworkManager/nm-dhcp-client.action" pid=453 comm="apparmor_parser"
Jun  2 06:00:01 ip-172-31-3-205 kernel: [    6.344608] type=1400 audit(1496383197.717:7): apparmor="STATUS" operation="profile_replace" profile="unconfined" name="/usr/lib/connman/scripts/dhclient-script" pid=453 comm="apparmor_parser"
Jun  2 06:00:01 ip-172-31-3-205 kernel: [    9.922965] init: failsafe main process (851) killed by TERM signal
Jun  2 06:00:01 ip-172-31-3-205 pollinate: system was previously seeded at [2017-06-02 06:00:00.417701000 +0000]
Jun  2 06:00:01 ip-172-31-3-205 pollinate: To re-seed this system again, use the -r|--reseed option
Jun  2 06:00:02 ip-172-31-3-205 kernel: [   10.799346] type=1400 audit(1496383202.169:8): apparmor="STATUS" operation="profile_replace" profile="unconfined" name="/sbin/dhclient" pid=1041 comm="apparmor_parser"
Jun  2 06:00:02 ip-172-31-3-205 kernel: [   10.799352] type=1400 audit(1496383202.169:9): apparmor="STATUS" operation="profile_replace" profile="unconfined" name="/usr/lib/NetworkManager/nm-dhcp-client.action" pid=1041 comm="apparmor_parser"
Jun  2 06:00:02 ip-172-31-3-205 kernel: [   10.799356] type=1400 audit(1496383202.169:10): apparmor="STATUS" operation="profile_replace" profile="unconfined" name="/usr/lib/connman/scripts/dhclient-script" pid=1041 comm="apparmor_parser"
Jun  2 06:00:02 ip-172-31-3-205 kernel: [   10.893984] type=1400 audit(1496383202.265:11): apparmor="STATUS" operation="profile_load" profile="unconfined" name="/usr/sbin/tcpdump" pid=1043 comm="apparmor_parser"
Jun  2 06:00:02 ip-172-31-3-205 pollinate: system was previously seeded at [2017-06-02 06:00:00.417701000 +0000]
Jun  2 06:00:02 ip-172-31-3-205 pollinate: To re-seed this system again, use the -r|--reseed option
Jun  2 06:00:02 ip-172-31-3-205 acpid: starting up with netlink and the input layer
Jun  2 06:00:02 ip-172-31-3-205 cron[1073]: (CRON) INFO (pidfile fd = 3)
Jun  2 06:00:02 ip-172-31-3-205 acpid: 1 rule loaded
Jun  2 06:00:02 ip-172-31-3-205 acpid: waiting for events: event logging is off
Jun  2 06:00:02 ip-172-31-3-205 cron[1140]: (CRON) STARTUP (fork ok)
Jun  2 06:00:02 ip-172-31-3-205 cron[1140]: (CRON) INFO (Running @reboot jobs)
Jun  2 06:00:02 ip-172-31-3-205 /usr/sbin/irqbalance: Balancing is ineffective on systems with a single cache domain.  Shutting down
Jun  2 06:00:02 ip-172-31-3-205 kernel: [   11.437720] init: plymouth-upstart-bridge main process ended, respawning
Jun  2 06:00:02 ip-172-31-3-205 kernel: [   11.444392] init: plymouth-upstart-bridge main process ended, respawning
Jun  2 06:00:03 ip-172-31-3-205 ec2: 
Jun  2 06:00:03 ip-172-31-3-205 ec2: #############################################################
Jun  2 06:00:03 ip-172-31-3-205 ec2: -----BEGIN SSH HOST KEY FINGERPRINTS-----
Jun  2 06:00:03 ip-172-31-3-205 ec2: 1024 16:35:03:30:0f:8c:89:96:34:69:36:88:89:61:a4:bb  root@ip-172-31-3-205 (DSA)
Jun  2 06:00:03 ip-172-31-3-205 ec2: 256 c3:12:c8:39:e2:fc:c6:c4:63:f9:0f:78:75:80:61:d0  root@ip-172-31-3-205 (ECDSA)
Jun  2 06:00:03 ip-172-31-3-205 ec2: 256 7e:1b:8a:48:f2:86:3d:6d:65:15:c6:27:79:22:ad:6a  root@ip-172-31-3-205 (ED25519)
Jun  2 06:00:03 ip-172-31-3-205 ec2: 2048 6e:50:50:1b:77:65:c9:79:72:9e:1e:83:33:3b:61:22  root@ip-172-31-3-205 (RSA)
Jun  2 06:00:03 ip-172-31-3-205 ec2: -----END SSH HOST KEY FINGERPRINTS-----
Jun  2 06:00:03 ip-172-31-3-205 ec2: #############################################################
Jun  2 06:00:05 ip-172-31-3-205 ntpdate[634]: step time server 91.189.91.157 offset 0.633189 sec
Jun  2 06:00:13 ip-172-31-3-205 ntpdate[1301]: adjust time server 91.189.91.157 offset 0.000028 sec
Jun  2 06:17:01 ip-172-31-3-205 CRON[1320]: (root) CMD (   cd / && run-parts --report /etc/cron.hourly)
Jun  2 06:23:14 ip-172-31-3-205 dhclient: DHCPREQUEST of 172.31.3.205 on eth0 to 172.31.0.1 port 67 (xid=0x7a24911)
Jun  2 06:23:14 ip-172-31-3-205 dhclient: DHCPACK of 172.31.3.205 from 172.31.0.1
Jun  2 06:23:14 ip-172-31-3-205 dhclient: bound to 172.31.3.205 -- renewal in 1518 seconds.
Jun  2 06:25:01 ip-172-31-3-205 CRON[1334]: (root) CMD (test -x /usr/sbin/anacron || ( cd / && run-parts --report /etc/cron.daily ))
Jun  2 06:48:32 ip-172-31-3-205 dhclient: DHCPREQUEST of 172.31.3.205 on eth0 to 172.31.0.1 port 67 (xid=0x7a24911)
Jun  2 06:48:32 ip-172-31-3-205 dhclient: DHCPACK of 172.31.3.205 from 172.31.0.1
Jun  2 06:48:32 ip-172-31-3-205 dhclient: bound to 172.31.3.205 -- renewal in 1637 seconds.
Jun  2 07:15:49 ip-172-31-3-205 dhclient: DHCPREQUEST of 172.31.3.205 on eth0 to 172.31.0.1 port 67 (xid=0x7a24911)
Jun  2 07:15:49 ip-172-31-3-205 dhclient: DHCPACK of 172.31.3.205 from 172.31.0.1
Jun  2 07:15:49 ip-172-31-3-205 dhclient: bound to 172.31.3.205 -- renewal in 1706 seconds.
Jun  2 07:17:01 ip-172-31-3-205 CRON[1905]: (root) CMD (   cd / && run-parts --report /etc/cron.hourly)
Jun  2 07:44:16 ip-172-31-3-205 dhclient: DHCPREQUEST of 172.31.3.205 on eth0 to 172.31.0.1 port 67 (xid=0x7a24911)
Jun  2 07:44:16 ip-172-31-3-205 dhclient: DHCPACK of 172.31.3.205 from 172.31.0.1
Jun  2 07:44:16 ip-172-31-3-205 dhclient: bound to 172.31.3.205 -- renewal in 1698 seconds.
Jun  2 08:12:34 ip-172-31-3-205 dhclient: DHCPREQUEST of 172.31.3.205 on eth0 to 172.31.0.1 port 67 (xid=0x7a24911)
Jun  2 08:12:34 ip-172-31-3-205 dhclient: DHCPACK of 172.31.3.205 from 172.31.0.1
Jun  2 08:12:34 ip-172-31-3-205 dhclient: bound to 172.31.3.205 -- renewal in 1424 seconds.
Jun  2 08:17:01 ip-172-31-3-205 CRON[1956]: (root) CMD (   cd / && run-parts --report /etc/cron.hourly)
Jun  2 08:36:18 ip-172-31-3-205 dhclient: DHCPREQUEST of 172.31.3.205 on eth0 to 172.31.0.1 port 67 (xid=0x7a24911)
Jun  2 08:36:18 ip-172-31-3-205 dhclient: DHCPACK of 172.31.3.205 from 172.31.0.1
Jun  2 08:36:18 ip-172-31-3-205 dhclient: bound to 172.31.3.205 -- renewal in 1692 seconds.
Jun  2 09:04:30 ip-172-31-3-205 dhclient: DHCPREQUEST of 172.31.3.205 on eth0 to 172.31.0.1 port 67 (xid=0x7a24911)
Jun  2 09:04:30 ip-172-31-3-205 dhclient: DHCPACK of 172.31.3.205 from 172.31.0.1
Jun  2 09:04:30 ip-172-31-3-205 dhclient: bound to 172.31.3.205 -- renewal in 1800 seconds.
Jun  2 09:17:01 ip-172-31-3-205 CRON[2161]: (root) CMD (   cd / && run-parts --report /etc/cron.hourly)
Jun  2 09:34:30 ip-172-31-3-205 dhclient: DHCPREQUEST of 172.31.3.205 on eth0 to 172.31.0.1 port 67 (xid=0x7a24911)
Jun  2 09:34:30 ip-172-31-3-205 dhclient: DHCPACK of 172.31.3.205 from 172.31.0.1
Jun  2 09:34:30 ip-172-31-3-205 dhclient: bound to 172.31.3.205 -- renewal in 1608 seconds.
Jun  2 10:00:22 ip-172-31-3-205 kernel: [14430.868863] bio: create slab <bio-1> at 1
Jun  2 10:00:22 ip-172-31-3-205 kernel: [14430.888088] bio: create slab <bio-2> at 2
Jun  2 10:00:26 ip-172-31-3-205 kernel: [14434.871622] Bridge firewalling registered
Jun  2 10:00:26 ip-172-31-3-205 kernel: [14434.877236] nf_conntrack version 0.5.0 (7939 buckets, 31756 max)
Jun  2 10:00:26 ip-172-31-3-205 kernel: [14434.897422] IPv6: ADDRCONF(NETDEV_UP): docker0: link is not ready
Jun  2 10:00:26 ip-172-31-3-205 kernel: [14434.914931] ip_tables: (C) 2000-2006 Netfilter Core Team
Jun  2 10:00:27 ip-172-31-3-205 kernel: [14435.224464] type=1400 audit(1496397627.233:12): apparmor="STATUS" operation="profile_load" profile="unconfined" name="docker-default" pid=3913 comm="apparmor_parser"
Jun  2 10:01:18 ip-172-31-3-205 dhclient: DHCPREQUEST of 172.31.3.205 on eth0 to 172.31.0.1 port 67 (xid=0x7a24911)
Jun  2 10:01:18 ip-172-31-3-205 dhclient: DHCPACK of 172.31.3.205 from 172.31.0.1
Jun  2 10:01:18 ip-172-31-3-205 dhclient: bound to 172.31.3.205 -- renewal in 1620 seconds.
Jun  2 10:07:01 ip-172-31-3-205 dbus[887]: [system] Reloaded configuration
Jun  2 10:07:05 ip-172-31-3-205 kernel: [14832.992904] type=1400 audit(1496398025.001:13): apparmor="STATUS" operation="profile_load" profile="unconfined" name="lxc-container-default" pid=7741 comm="apparmor_parser"
Jun  2 10:07:05 ip-172-31-3-205 kernel: [14832.993107] type=1400 audit(1496398025.001:14): apparmor="STATUS" operation="profile_load" profile="unconfined" name="lxc-container-default-with-mounting" pid=7741 comm="apparmor_parser"
Jun  2 10:07:05 ip-172-31-3-205 kernel: [14832.993273] type=1400 audit(1496398025.001:15): apparmor="STATUS" operation="profile_load" profile="unconfined" name="lxc-container-default-with-nesting" pid=7741 comm="apparmor_parser"
Jun  2 10:07:05 ip-172-31-3-205 kernel: [14833.031656] type=1400 audit(1496398025.037:16): apparmor="STATUS" operation="profile_load" profile="unconfined" name="/usr/bin/lxc-start" pid=7750 comm="apparmor_parser"
Jun  2 10:07:05 ip-172-31-3-205 dnsmasq[7802]: started, version 2.68 cachesize 150
Jun  2 10:07:05 ip-172-31-3-205 dnsmasq[7802]: compile time options: IPv6 GNU-getopt DBus i18n IDN DHCP DHCPv6 no-Lua TFTP conntrack ipset auth
Jun  2 10:07:05 ip-172-31-3-205 dnsmasq-dhcp[7802]: DHCP, IP range 10.0.3.2 -- 10.0.3.254, lease time 1h
Jun  2 10:07:05 ip-172-31-3-205 dnsmasq-dhcp[7802]: DHCP, sockets bound exclusively to interface lxcbr0
Jun  2 10:07:05 ip-172-31-3-205 dnsmasq[7802]: reading /etc/resolv.conf
Jun  2 10:07:05 ip-172-31-3-205 dnsmasq[7802]: using nameserver 172.31.0.2#53
Jun  2 10:07:05 ip-172-31-3-205 dnsmasq[7802]: read /etc/hosts - 7 addresses
Jun  2 10:07:05 ip-172-31-3-205 kernel: [14833.131464] type=1400 audit(1496398025.137:17): apparmor="STATUS" operation="profile_replace" profile="unconfined" name="/usr/bin/lxc-start" pid=7817 comm="apparmor_parser"
Jun  2 10:07:05 ip-172-31-3-205 kernel: [14833.152485] type=1400 audit(1496398025.161:18): apparmor="STATUS" operation="profile_replace" profile="unconfined" name="lxc-container-default" pid=7823 comm="apparmor_parser"
Jun  2 10:07:05 ip-172-31-3-205 kernel: [14833.152490] type=1400 audit(1496398025.161:19): apparmor="STATUS" operation="profile_replace" profile="unconfined" name="lxc-container-default-with-mounting" pid=7823 comm="apparmor_parser"
Jun  2 10:07:05 ip-172-31-3-205 kernel: [14833.152494] type=1400 audit(1496398025.161:20): apparmor="STATUS" operation="profile_replace" profile="unconfined" name="lxc-container-default-with-nesting" pid=7823 comm="apparmor_parser"
Jun  2 10:17:01 ip-172-31-3-205 CRON[13669]: (root) CMD (   cd / && run-parts --report /etc/cron.hourly)
Jun  2 10:19:25 ip-172-31-3-205 kernel: [15573.569048] init: zookeeper main process (13632) terminated with status 143
Jun  2 10:28:18 ip-172-31-3-205 dhclient: DHCPREQUEST of 172.31.3.205 on eth0 to 172.31.0.1 port 67 (xid=0x7a24911)
Jun  2 10:28:18 ip-172-31-3-205 dhclient: DHCPACK of 172.31.3.205 from 172.31.0.1
Jun  2 10:28:18 ip-172-31-3-205 dhclient: bound to 172.31.3.205 -- renewal in 1381 seconds.
Jun  2 10:41:15 ip-172-31-3-205 mesos-slave[13728]: WARNING: Logging before InitGoogleLogging() is written to STDERR
Jun  2 10:41:15 ip-172-31-3-205 mesos-slave[13728]: I0602 10:41:15.827824 13728 main.cpp:243] Build: 2017-04-12 16:54:31 by ubuntu
Jun  2 10:41:15 ip-172-31-3-205 mesos-slave[13728]: I0602 10:41:15.828084 13728 main.cpp:244] Version: 1.2.0
Jun  2 10:41:15 ip-172-31-3-205 mesos-slave[13728]: I0602 10:41:15.828125 13728 main.cpp:247] Git tag: 1.2.0
Jun  2 10:41:15 ip-172-31-3-205 mesos-slave[13728]: I0602 10:41:15.828156 13728 main.cpp:251] Git SHA: de306b5786de3c221bae1457c6f2ccaeb38eef9f
Jun  2 10:41:15 ip-172-31-3-205 mesos-slave[13728]: I0602 10:41:15.828858 13728 logging.cpp:194] INFO level logging started!
Jun  2 10:41:15 ip-172-31-3-205 mesos-slave[13728]: I0602 10:41:15.834635 13728 containerizer.cpp:220] Using isolation: posix/cpu,posix/mem,filesystem/posix,network/cni
Jun  2 10:41:15 ip-172-31-3-205 mesos-slave[13728]: I0602 10:41:15.837852 13728 linux_launcher.cpp:150] Using /sys/fs/cgroup/freezer as the freezer hierarchy for the Linux launcher
Jun  2 10:41:15 ip-172-31-3-205 mesos-slave[13728]: I0602 10:41:15.838135 13728 provisioner.cpp:249] Using default backend 'copy'
Jun  2 10:41:15 ip-172-31-3-205 mesos-slave[13728]: 2017-06-02 10:41:15,838:13728(0x7f81f34ab700):ZOO_INFO@log_env@726: Client environment:zookeeper.version=zookeeper C client 3.4.8
Jun  2 10:41:15 ip-172-31-3-205 mesos-slave[13728]: 2017-06-02 10:41:15,838:13728(0x7f81f34ab700):ZOO_INFO@log_env@730: Client environment:host.name=ip-172-31-3-205
Jun  2 10:41:15 ip-172-31-3-205 mesos-slave[13728]: 2017-06-02 10:41:15,838:13728(0x7f81f34ab700):ZOO_INFO@log_env@737: Client environment:os.name=Linux
Jun  2 10:41:15 ip-172-31-3-205 mesos-slave[13728]: 2017-06-02 10:41:15,838:13728(0x7f81f34ab700):ZOO_INFO@log_env@738: Client environment:os.arch=3.13.0-113-generic
Jun  2 10:41:15 ip-172-31-3-205 mesos-slave[13728]: 2017-06-02 10:41:15,838:13728(0x7f81f34ab700):ZOO_INFO@log_env@739: Client environment:os.version=#160-Ubuntu SMP Thu Mar 9 09:27:29 UTC 2017
Jun  2 10:41:15 ip-172-31-3-205 mesos-slave[13728]: 2017-06-02 10:41:15,839:13728(0x7f81f34ab700):ZOO_INFO@log_env@747: Client environment:user.name=(null)
Jun  2 10:41:15 ip-172-31-3-205 mesos-slave[13728]: 2017-06-02 10:41:15,839:13728(0x7f81f34ab700):ZOO_INFO@log_env@755: Client environment:user.home=/root
Jun  2 10:41:15 ip-172-31-3-205 mesos-slave[13728]: 2017-06-02 10:41:15,839:13728(0x7f81f34ab700):ZOO_INFO@log_env@767: Client environment:user.dir=/
Jun  2 10:41:15 ip-172-31-3-205 mesos-slave[13728]: 2017-06-02 10:41:15,839:13728(0x7f81f34ab700):ZOO_INFO@zookeeper_init@800: Initiating client connection, host=172.31.20.169:2181,172.31.38.97:2181,172.31.47.88:2181,172.31.22.150:2181,172.31.30.203:2181 sessionTimeout=10000 watcher=0x7f81fc3bd1b0 sessionId=0 sessionPasswd=<null> context=0x7f81d8000930 flags=0
Jun  2 10:41:15 ip-172-31-3-205 mesos-slave[13728]: I0602 10:41:15.840684 13750 slave.cpp:211] Mesos agent started on (1)@172.31.3.205:5051
Jun  2 10:41:15 ip-172-31-3-205 mesos-slave[13728]: I0602 10:41:15.840699 13750 slave.cpp:212] Flags at startup: --appc_simple_discovery_uri_prefix="http://" --appc_store_dir="/tmp/mesos/store/appc" --authenticate_http_readonly="false" --authenticate_http_readwrite="false" --authenticatee="crammd5" --authentication_backoff_factor="1secs" --authorizer="local" --cgroups_cpu_enable_pids_and_tids_count="false" --cgroups_enable_cfs="false" --cgroups_hierarchy="/sys/fs/cgroup" --cgroups_limit_swap="false" --cgroups_root="mesos" --container_disk_watch_interval="15secs" --containerizers="mesos" --default_role="*" --disk_watch_interval="1mins" --docker="docker" --docker_kill_orphans="true" --docker_registry="https://registry-1.docker.io" --docker_remove_delay="6hrs" --docker_socket="/var/run/docker.sock" --docker_stop_timeout="0ns" --docker_store_dir="/tmp/mesos/store/docker" --docker_volume_checkpoint_dir="/var/run/mesos/isolators/docker/volume" --enforce_container_disk_quota="false" --executor_registration_timeout="1mins" --executor_shutdown_grace_period="5secs" --f
Jun  2 10:41:15 ip-172-31-3-205 mesos-slave[13728]: etcher_cache_dir="/tmp/mesos/fetch" --fetcher_cache_size="2GB" --frameworks_home="" --gc_delay="1weeks" --gc_disk_headroom="0.1" --hadoop_home="" --help="false" --hostname="172.31.3.205" --hostname_lookup="true" --http_authenticators="basic" --http_command_executor="false" --http_heartbeat_interval="30secs" --initialize_driver_logging="true" --isolation="posix/cpu,posix/mem" --launcher="linux" --launcher_dir="/usr/libexec/mesos" --log_dir="/var/log/mesos" --logbufsecs="0" --logging_level="INFO" --max_completed_executors_per_framework="150" --oversubscribed_resources_interval="15secs" --perf_duration="10secs" --perf_interval="1mins" --qos_correction_interval_min="0ns" --quiet="false" --recover="reconnect" --recovery_timeout="15mins" --registration_backoff_factor="1secs" --revocable_cpu_low_priority="true" --runtime_dir="/var/run/mesos" --sandbox_directory="/mnt/mesos/sandbox" --strict="true" --switch_user="true" --systemd_enable_support="true" --systemd_runtime_directory="/run/systemd/system" --version="false
Jun  2 10:41:15 ip-172-31-3-205 mesos-slave[13728]: " --work_dir="/var/lib/mesos"
Jun  2 10:41:15 ip-172-31-3-205 mesos-slave[13728]: 2017-06-02 10:41:15,842:13728(0x7f81eec68700):ZOO_INFO@check_events@1728: initiated connection to server [172.31.30.203:2181]
Jun  2 10:41:15 ip-172-31-3-205 mesos-slave[13728]: I0602 10:41:15.842387 13750 slave.cpp:541] Agent resources: cpus(*):1; mem(*):496; disk(*):3962; ports(*):[31000-32000]
Jun  2 10:41:15 ip-172-31-3-205 mesos-slave[13728]: I0602 10:41:15.842489 13750 slave.cpp:549] Agent attributes: [  ]
Jun  2 10:41:15 ip-172-31-3-205 mesos-slave[13728]: I0602 10:41:15.842496 13750 slave.cpp:554] Agent hostname: 172.31.3.205
Jun  2 10:41:15 ip-172-31-3-205 mesos-slave[13728]: I0602 10:41:15.845181 13750 status_update_manager.cpp:177] Pausing sending status updates
Jun  2 10:41:15 ip-172-31-3-205 mesos-slave[13728]: I0602 10:41:15.845289 13750 state.cpp:62] Recovering state from '/var/lib/mesos/meta'
Jun  2 10:41:15 ip-172-31-3-205 mesos-slave[13728]: I0602 10:41:15.845373 13750 status_update_manager.cpp:203] Recovering status update manager
Jun  2 10:41:15 ip-172-31-3-205 mesos-slave[13728]: I0602 10:41:15.845402 13750 containerizer.cpp:599] Recovering containerizer
Jun  2 10:41:15 ip-172-31-3-205 mesos-slave[13728]: I0602 10:41:15.846056 13750 provisioner.cpp:410] Provisioner recovery complete
Jun  2 10:41:15 ip-172-31-3-205 mesos-slave[13728]: I0602 10:41:15.846115 13750 slave.cpp:5558] Finished recovery
Jun  2 10:41:15 ip-172-31-3-205 mesos-slave[13728]: 2017-06-02 10:41:15,848:13728(0x7f81eec68700):ZOO_INFO@check_events@1775: session establishment complete on server [172.31.30.203:2181], sessionId=0x45c681f05cd0026, negotiated timeout=20000
Jun  2 10:41:15 ip-172-31-3-205 mesos-slave[13728]: I0602 10:41:15.849027 13747 group.cpp:340] Group process (zookeeper-group(1)@172.31.3.205:5051) connected to ZooKeeper
Jun  2 10:41:15 ip-172-31-3-205 mesos-slave[13728]: I0602 10:41:15.849054 13747 group.cpp:830] Syncing group operations: queue size (joins, cancels, datas) = (0, 0, 0)
Jun  2 10:41:15 ip-172-31-3-205 mesos-slave[13728]: I0602 10:41:15.849064 13747 group.cpp:418] Trying to create path '/mesos' in ZooKeeper
Jun  2 10:41:15 ip-172-31-3-205 mesos-slave[13728]: I0602 10:41:15.855630 13747 detector.cpp:152] Detected a new leader: (id='726')
Jun  2 10:41:15 ip-172-31-3-205 mesos-slave[13728]: I0602 10:41:15.855725 13747 group.cpp:699] Trying to get '/mesos/json.info_0000000726' in ZooKeeper
Jun  2 10:41:15 ip-172-31-3-205 mesos-slave[13728]: I0602 10:41:15.856984 13747 zookeeper.cpp:259] A new leading master (UPID=master@172.31.22.150:5050) is detected
Jun  2 10:41:15 ip-172-31-3-205 mesos-slave[13728]: I0602 10:41:15.857040 13747 slave.cpp:931] New master detected at master@172.31.22.150:5050
Jun  2 10:41:15 ip-172-31-3-205 mesos-slave[13728]: I0602 10:41:15.857059 13747 slave.cpp:955] No credentials provided. Attempting to register without authentication
Jun  2 10:41:15 ip-172-31-3-205 mesos-slave[13728]: I0602 10:41:15.857070 13747 slave.cpp:966] Detecting new master
Jun  2 10:41:15 ip-172-31-3-205 mesos-slave[13728]: I0602 10:41:15.857087 13747 status_update_manager.cpp:177] Pausing sending status updates
Jun  2 10:41:19 ip-172-31-3-205 mesos-slave[13728]: I0602 10:41:19.978746 13743 detector.cpp:152] Detected a new leader: (id='727')
Jun  2 10:41:19 ip-172-31-3-205 mesos-slave[13728]: I0602 10:41:19.978823 13743 group.cpp:699] Trying to get '/mesos/json.info_0000000727' in ZooKeeper
Jun  2 10:41:19 ip-172-31-3-205 mesos-slave[13728]: I0602 10:41:19.981222 13743 zookeeper.cpp:259] A new leading master (UPID=master@172.31.20.169:5050) is detected
Jun  2 10:41:19 ip-172-31-3-205 mesos-slave[13728]: I0602 10:41:19.981271 13743 slave.cpp:931] New master detected at master@172.31.20.169:5050
Jun  2 10:41:19 ip-172-31-3-205 mesos-slave[13728]: I0602 10:41:19.981283 13743 slave.cpp:955] No credentials provided. Attempting to register without authentication
Jun  2 10:41:19 ip-172-31-3-205 mesos-slave[13728]: I0602 10:41:19.981292 13743 slave.cpp:966] Detecting new master
Jun  2 10:41:19 ip-172-31-3-205 mesos-slave[13728]: I0602 10:41:19.981307 13743 status_update_manager.cpp:177] Pausing sending status updates
Jun  2 10:42:15 ip-172-31-3-205 mesos-slave[13728]: I0602 10:42:15.842862 13746 slave.cpp:5267] Current disk usage 28.26%. Max allowed age: 4.321650321964988days
Jun  2 10:42:20 ip-172-31-3-205 mesos-slave[13728]: I0602 10:42:20.121842 13750 slave.cpp:4388] Got exited event for master@172.31.20.169:5050
Jun  2 10:42:20 ip-172-31-3-205 mesos-slave[13728]: W0602 10:42:20.121888 13750 slave.cpp:4393] Master disconnected! Waiting for a new master to be elected
Jun  2 10:42:39 ip-172-31-3-205 mesos-slave[13728]: I0602 10:42:39.977088 13750 detector.cpp:152] Detected a new leader: (id='729')
Jun  2 10:42:39 ip-172-31-3-205 mesos-slave[13728]: I0602 10:42:39.977171 13750 group.cpp:699] Trying to get '/mesos/json.info_0000000729' in ZooKeeper
Jun  2 10:42:39 ip-172-31-3-205 mesos-slave[13728]: I0602 10:42:39.978369 13750 zookeeper.cpp:259] A new leading master (UPID=master@172.31.47.88:5050) is detected
Jun  2 10:42:39 ip-172-31-3-205 mesos-slave[13728]: I0602 10:42:39.978430 13750 slave.cpp:931] New master detected at master@172.31.47.88:5050
Jun  2 10:42:39 ip-172-31-3-205 mesos-slave[13728]: I0602 10:42:39.978444 13750 slave.cpp:955] No credentials provided. Attempting to register without authentication
Jun  2 10:42:39 ip-172-31-3-205 mesos-slave[13728]: I0602 10:42:39.978453 13750 slave.cpp:966] Detecting new master
Jun  2 10:42:39 ip-172-31-3-205 mesos-slave[13728]: I0602 10:42:39.978469 13750 status_update_manager.cpp:177] Pausing sending status updates
Jun  2 10:43:15 ip-172-31-3-205 mesos-slave[13728]: I0602 10:43:15.844110 13748 slave.cpp:5267] Current disk usage 28.26%. Max allowed age: 4.321643421306863days
Jun  2 10:43:40 ip-172-31-3-205 mesos-slave[13728]: I0602 10:43:40.177592 13746 slave.cpp:4388] Got exited event for master@172.31.47.88:5050
Jun  2 10:43:40 ip-172-31-3-205 mesos-slave[13728]: W0602 10:43:40.177647 13746 slave.cpp:4393] Master disconnected! Waiting for a new master to be elected
Jun  2 10:44:09 ip-172-31-3-205 mesos-slave[13728]: I0602 10:44:09.983983 13748 detector.cpp:152] Detected a new leader: (id='730')
Jun  2 10:44:09 ip-172-31-3-205 mesos-slave[13728]: I0602 10:44:09.984063 13748 group.cpp:699] Trying to get '/mesos/json.info_0000000730' in ZooKeeper
Jun  2 10:44:09 ip-172-31-3-205 mesos-slave[13728]: I0602 10:44:09.985718 13748 zookeeper.cpp:259] A new leading master (UPID=master@172.31.30.203:5050) is detected
Jun  2 10:44:09 ip-172-31-3-205 mesos-slave[13728]: I0602 10:44:09.985764 13748 slave.cpp:931] New master detected at master@172.31.30.203:5050
Jun  2 10:44:09 ip-172-31-3-205 mesos-slave[13728]: I0602 10:44:09.985774 13748 slave.cpp:955] No credentials provided. Attempting to register without authentication
Jun  2 10:44:09 ip-172-31-3-205 mesos-slave[13728]: I0602 10:44:09.985783 13748 slave.cpp:966] Detecting new master
Jun  2 10:44:09 ip-172-31-3-205 mesos-slave[13728]: I0602 10:44:09.985800 13748 status_update_manager.cpp:177] Pausing sending status updates
Jun  2 10:44:15 ip-172-31-3-205 mesos-slave[13728]: I0602 10:44:15.845363 13745 slave.cpp:5267] Current disk usage 28.26%. Max allowed age: 4.321636520648738days
Jun  2 10:45:10 ip-172-31-3-205 mesos-slave[13728]: I0602 10:45:10.121248 13748 slave.cpp:4388] Got exited event for master@172.31.30.203:5050
Jun  2 10:45:10 ip-172-31-3-205 mesos-slave[13728]: W0602 10:45:10.121299 13748 slave.cpp:4393] Master disconnected! Waiting for a new master to be elected
